1xkpC0  
2ogiA0  
3r3qA0  
d3ucsc1  
1eaiC0  
2gukA0  
d1tola1  
4rzlA0  
4zosA0  
2cclB0  
1SZH-A
d2ggvb_  
3n79A0  
d4ahwa1  
d1oi7a1  
1FW9-A  
d2asoa2  
d4x43b_  
2qhfA0  
3mayA0  
d1on3e1  
d1vbka1  
5bpzA0  
d1yzfa1  
d1g6ha_  
2ppxA0  
d2blna1  
3byqA0  
d4odja1  
d4ubta1  
d1ry9a_  
d4zo2b_  
d3weaa_  
2BK8-A
d4r8xa1  
4rb6U0  
d1g4ma1  
d2nw6a_  
1MJC-A  
5a12A0  
d256ba_  
2z0tA0  
3korA0  
4rb5T0  
4ku0D0  
2hdzA0  
3zieA0  
3fjuB0  
d1jnra3  
d3ewda1  
4annA0  
d1rhca_  
d2po1b2  
d1kwma2  
d2je8a1  
2p2eA0  
d3h12a2  
d2c0ra_  
d1ks9a2  
1ahsA0  
1UZK-A
2gr8A0  
d1qrla_  
2arpF0  
d4l63b1  
d2vfsa2  
2pwwA0  
d4llob_  
2bcgG0  
d2fh1b3  
1hulA0  
d2oyna1  
1vk1A0  
d3mjfa3  
2z7bA0  
4u7aA0  
d4ndoa_  
3fbzA0  
3oyvA0  
d1a9xa5  
d3bura_  
4m1xA0  
d1oyja2  
1CC5-A  
d2bo1a1  
2qnlA0  
d4j9wa_  
d4kg3b_  
2JBM-A
d3wfwa1  
d2a5ia_  
d2ck3d1  
d1u6za2  
4o89A0  
1G9O-A  
d1fv1b2  
d1wwca_  
2e5yA0  
2IKB-A
3n9yA0  
1hx6A0  
2g8sA0  
d4eu9a1  
d1izca_  
4hbeA0  
d5akra1  
d2y8wa2  
2aplA0  
3pvhA0  
1NP8-A
2cs7A0  
3hi2B0  
1jb0F0  
d1zr0b1  
d3fv9c1  
3A2Z-A
3s8sA0  
3ultA0  
3k4oA0  
2czvC0  
d2yvea1  
4mymA0  
d1cqma_  
d1xjva1  
1c5eA0  
d2aexa_  
3p9vA0  
1tl2A0  
3npdA0  
3bpjA0  
d2yzhd1  
3k94A0  
d2c3ma3  
2i06A0  
3e59A0  
1rp0A0  
3o2eA0  
4lxrJ0  
1b33N0  
2re3A0  
d1v97a6  
d3i6tb1  
1R3D-A
d1fv1b1  
3gwiA0  
2c1lA0  
1B8E-A  
d1xtta1  
3u5vA0  
d2a0ba_  
d1ytla1  
d3fwna2  
d1toaa_  
1UKK-A
4wcwA0  
2i5uA0  
d1zuoa1  
1qs0A0  
5ajjA0  
d3mkha1  
d2o5ua2  
d1hfua3  
2y9wA0  
3vk6A0  
d3dt2a2  
1pzwA0  
d1vcaa1  
3dyjA0  
3bypA0  
5cs0A0  
1pieA0  
d3mama_  
d3r3ua1  
d1rwza2  
1yz7A0  
d3ct6a1  
d1icub_  
2z72A0  
d1olma1  
3szyA0  
d1hfbc_  
d1u00a1  
d4wxha1  
d1o4ta_  
1R69-A  
d4m7xa1  
d1cz1a_  
2z5eA0  
d3wu6e_  
2nzcA0  
1uunA0  
1knvA0  
5ag3A0  
d2qyoa1  
2ebyA0  
5c2uA0  
3odpA0  
3va9A0  
d3kgxb_  
d3eaua_  
1c1kA0  
d4ymgb_  
4o2hA0  
1FGY-A  
3a5yA0  
2AZW-A
3CIT-A
d1kg5a_  
2G6Y-A
d3w32a_  
d1vl1a_  
2nvnA0  
d1hn0a4  
2hipA0  
3alrA0  
d3exea1  
1wnaA0  
1BHP-A  
d3egva1  
d3q7za_  
d3l4ua2  
1b35A0  
4ghjA0  
3pa6A0  
d1a4ia2  
2xciA0  
3cvzA0  
2es9A0  
2QNK-A
d1t2wa_  
3dbyA0  
5ajtA0  
5a9pA0  
d4hv3a1  
2xfnA0  
2a1vA0  
d1soxa3  
4rptA0  
d2qdha_  
1x3lA0  
d2bl0c_  
3o3xA0  
1sknP0  
3nzlA0  
1PHT-A  
d2ynda1  
d1ukfa1  
4u98A0  
3EF2-A
d1r0ma1  
4fmlA0  
d4zbaa1  
1HBK-A  
1qahA0  
3rioA0  
1SVP-A
d4kema1  
d1puca_  
d3vdga1  
d1vgya2  
d1mx3a1  
2nteA0  
d2dfda2  
2d1cA0  
d3drza_  
3h33A0  
d1bn8a_  
3n3fA0  
1JF8-A  
d4pc1c3  
d2zfoc_  
d3erba2  
2w7aA0  
d1u6ea1  
1EJ8-A  
3tfgA0  
1yb3A0  
2a22A0  
1qhdA0  
1EA2-A  
1EAR-A  
2g3vA0  
3bqwA0  
4nyhA0  
4zi2C0  
2WN3-A
3GAS-A
4bkmA0  
d3dj1a_  
d4dnja_  
4nmxA0  
1JB3-A  
1su1A0  
3KQ0-A
2od4A0  
d3cina2  
d2bhua1  
d5expa_  
4rb6X0  
2y3vA0  
d1enja_  
2qswA0  
2nxpA0  
5bmqA0  
d2qhla_  
d1pgsa1  
4ng0A0  
1ek9A0  
d1u5fa1  
2a6hE0  
4hhxA0  
2O4X-A
1DVP-A
5cz3A0  
d4iq1b2  
d1svba1  
3bjxA0  
2qjyA0  
d2g9fa1  
d1lyqb_  
d4oy9a2  
1skzA0  
d2gz4a1  
2af4C0  
1yzyA0  
d1hw1a2  
2pjuA0  
d4fxuc1  
2onfA0  
1EE8-A
4ymuC0  
1PDO-A  
2pgcA0  
3g5oA0  
2HC8-A
d3sz3a1  
d3jzja_  
d1t1ea2  
d4i02b1  
3vajA0  
3k3vA0  
d2d80a1  
4rohA0  
d1r7aa1  
2ehpA0  
d4rcya1  
3f2eA0  
d1oh4a_  
3d5lA0  
1FIT-A  
d3ewoa1  
d2woea_  
d2og1a_  
2ajrA0  
2NUJ-A
d1kqya_  
d2jjsb_  
d2c1da1  
1x31C0  
d4f59a_  
d1jova_  
2pd0A0  
d3qxza1  
4kp3C0  
2hnuA0  
d4dh2a1  
3l7hA0  
1ocyA0  
3vg8A0  
d1xffb_  
3w4sA0  
1otkA0  
4qy7A0  
4b8vA0  
1h6gA0  
4jm1A0  
5c50A0  
1ut1A0  
3gudA0  
2vj4A0  
d1vzya1  
4uuwA0  
d2pkta1  
d1bz4a_  
d3idsa2  
1mn8A0  
d1v2xa_  
4ei0A0  
3thgA0  
1s7mA0  
3C7T-A
1uz3A0  
d1krha3  
d3wlha1  
4q98A0  
3nnbA0  
1RWJ-A
3KZJ-A
3dcdA0  
2fcjA0  
3CWR-A
d2ycix1  
d3mzfa1  
d1tc5c1  
d1ampa_  
2vvfA0  
d2qw8a_  
d3ucea_  
d2beka_  
d1o61a_  
1i1rB0  
2opcA0  
4rpfA0  
d1m2aa_  
2C4X-A
d1ofcx1  
3ax2A0  
2posA0  
2DHQ-A  
d1i7na2  
3epwA0  
d3a6fa_  
d1ne7a_  
d4bpha1  
d2i9ia1  
4MT2-A  
1NZI-A
3rwxA0  
d2hqsa1  
d3hgia_  
d1faaa_  
1hw7A0  
d1ikpa2  
d3og9a_  
d3g6pb1  
1aisB0  
4xbaA0  
4h6cA0  
1zpwX0  
3jx9A0  
3kxtA0  
d1iooa_  
d3p0ya1  
3oueA0  
2e2dC0  
d1mo9a2  
d1j0ha1  
d3gq4a2  
3fvzA0  
1io1A0  
4wqkA0  
4wxaD0  
3ehdA0  
d1e6ua_  
d4eada3  
d4infa_  
3egwC0  
2xxnA0  
2gecA0  
2pihA0  
3h9xA0  
d1wmda1  
d2j8cl_  
d3ksva_  
d3krea_  
2uvpA0  
2j73A0  
1olpA0  
3ILS-A
4b8rA0  
3sxuA0  
1rfyA0  
3u2gA0  
d4mcob1  
d2qtta_  
d3smpb1  
d4c7ya1  
d2bi0a2  
3beyA0  
d2i0qb1  
2wknA0  
d1bhea_  
4rb680  
d4jg3a1  
d2w9ra_  
1HBG-A  
3CNG-A
1kxpD0  
1ASS-A  
d2zfda_  
1APY-A
3EC4-A
3l20A0  
d2h6ta_  
3pg6A0  
d3pdfa1  
2HU9-A
d1faza_  
1o3xA0  
d1rw9a2  
d1ca1a1  
d1ji1a2  
d1tfga_  
d1g8ka1  
3kbyA0  
3b0dC0  
d4p7wa1  
3KJH-A
d2f4ma1  
4us3A0  
2qe8A0  
d3buwb2  
d1vq3a1  
d2g3ha_  
2ig8A0  
2os5A0  
d2ad6b_  
d1xvxa_  
2x32A0  
d1whia_  
4egwA0  
d1ryia2  
4lm6A0  
2iieA0  
4phrA0  
1ASH-A  
d1t6ca2  
4f42A0  
1vrmA0  
d2c6qb1  
3jsbA0  
d4gvha_  
d3o1kb_  
d2wnsa_  
4yn9A0  
d2d3na2  
d3a9ra1  
d1v7va2  
1cbfA0  
d3fv9a2  
2ZE3-A
d1erza_  
1y8xB0  
d2ar5a1  
2Q3W-A
1u61A0  
2NPN-A
1ub4C0  
2inwA0  
4im9A0  
3me4A0  
3uqcA0  
d1ov8a_  
d3cx5a1  
d1d7oa_  
d1h4ra2  
d1ig0b2  
d3og2a5  
d1qd1b2  
4abmA0  
1y44A0  
4wd8A0  
3k1tA0  
2ewtA0  
2Q5X-A
4lurA0  
d4hwxa1  
d4dnxa2  
1Z3X-A
d4r5ra_  
d1ueka1  
d2r8ua_  
d4bg1a1  
3vhjA0  
d2nnra_  
d3eesa_  
2j3xA0  
d2glnb_  
1MKP-A  
d3km4a_  
3h38A0  
4je3A0  
4npfX0  
d1l9xa_  
d2h0ha1  
d1n97a_  
d1yfqa1  
d4mypa_  
d2wa5a2  
4g0aA0  
1JUV-A
3a57A0  
d4a2ba2  
d3mm5a1  
4jnhA0  
d1ezja_  
4kwdA0  
2d4gA0  
d1uypa1  
2OQ1-A
2fj8A0  
3ceiA0  
d3zyla1  
2IEL-A
1G2B-A  
1wruA0  
d1g3ka_  
d1smoa_  
1ENH-A  
4zw9A0  
d4lafa_  
2ERF-A
3db7A0  
2HLJ-A
3omyA0  
4yxcB0  
4pz1A0  
d1d3wa_  
1z8uA0  
3omdA0  
d3vl9a_  
d2i48a_  
3dzaA0  
3l6iA0  
d3qjhb1  
4f0zA0  
3zzlA0  
3ct8A0  
d2iw0a1  
1wrdA0  
3na2A0  
2iidA0  
d4f2nb1  
d2vjva1  
3i9yA0  
d2bs2a1  
3sj5A0  
1n52B0  
4e6kG0  
d1ig0a1  
d1bw9a1  
4r9pA0  
d1ijqa2  
4npxA0  
2LIS-A  
3v4kA0  
2PET-A
d1ig3a1  
d1qh4a2  
d4re5a1  
d4tr8a2  
4gzrA0  
4f87A0  
3ca8A0  
3ednA0  
3b8fA0  
3x38A0  
d1lr5a_  
1n6jA0  
1ejfA0  
3gr5A0  
d2oova2  
d1o5el_  
2fcwB0  
2j7aC0  
d1epwa2  
4iajA0  
1A6M-A  
d3zq5a3  
d4pcaa1  
d4ippa_  
d4h0pa1  
4wkzA0  
3scyA0  
d1kp6a_  
d3g0ma_  
2ESS-A
2be3A0  
2PTH-A  
4rp9A0  
d4lx9a_  
d5ce9a_  
d4cw0a2  
1FTR-A
4xinA0  
d1kcza2  
2p0tA0  
2bh1X0  
2ZOU-A
3bm3A0  
d1kqfb1  
2f4iA0  
2q2gA0  
2v3sA0  
2ERL-A  
d1a4ib1  
2hp0A0  
d2z1ea1  
2q0tA0  
d1epfa1  
d2axwa1  
3vyxA0  
1husA0  
2c5uA0  
2ouwA0  
4baxA0  
3cqxC0  
d2rdeb2  
d4ph2a_  
5by8A0  
d4ewla_  
3lvkB0  
d4f3ja1  
2bl2A0  
2r5uA0  
4lvnP0  
d3a7la_  
d3kz3a_  
d4m0wa2  
3rvcA0  
1QCS-A  
d4i4ta1  
1AF7-A
d1nsfa_  
d3guyg1  
d1lsla1  
d2huea1  
d1it2a_  
d3ddta1  
d2f2ha1  
4g75A0  
4psnA0  
3dxrA0  
1JB6-A  
d1tola2  
d3h7oa_  
2pr7A0  
1nlqA0  
d4mf5a2  
d4u7ja2  
2o3bB0  
4a1rA0  
1jhsA0  
1sxrA0  
d1ccza2  
3iuuA0  
2FNO-A
d1d7pm_  
d2aefa1  
2e9xA0  
d3fdra_  
d3q2ba_  
5a3dA0  
d1ne9a2  
d2zyoa_  
d2p1ma2  
d2ohha1  
1PDN-C  
4l7iA0  
3sjlD0  
d4a3ua_  
d2c61a1  
1x7oA0  
2rklA0  
1BGC-A  
4cmlA0  
1icfI0  
4qu7A0  
4qftA0  
d3f4wa_  
1T7R-A
3m21A0  
d1elqa_  
2PBL-A
d2vyoa_  
2v7sA0  
d4zf7b_  
d2ipha_  
d4v2ia_  
3fchA0  
1YCD-A
d1y7pb2  
d1t3ta5  
d4l9ta1  
d1hxna_  
d3b7rl2  
4me8A0  
d4uuca_  
3nvwB0  
d1unnc1  
d4fkea3  
2f4mB0  
d4rxta1  
d2yxna_  
1Q2Y-A
1jniA0  
2hh6A0  
1N9P-A
d1ftra1  
d3ivva1  
2jc9A0  
d1gvnb_  
1rgxA0  
d1tuha_  
d3e9la1  
1xk5A0  
d1ihjb_  
d1flaa_  
d5aena3  
d1abea_  
3c2iA0  
d3h91a_  
d1ez3a_  
3ka5A0  
d1jnya1  
2oznB0  
4gehA0  
d1qr0a2  
4o30A0  
d2dyjb_  
5a7zA0  
4cndA0  
d4oryf_  
d1w99a3  
3LNE-A
d4i2aa2  
d3p3ca2  
d3b74a2  
3nmdA0  
5cw4A0  
d3hw8a1  
1vp7A0  
2xhgA0  
d1kb0a1  
1vctA0  
1i7nA0  
d1go3e2  
2yy3A0  
4uz3A0  
1WQJ-A
d1sqwa1  
3s64A0  
4kqiA0  
2I9W-A
1CEX-A  
2r1fA0  
1xhkA0  
d5d6wa2  
d1w4ra1  
1kloA0  
d1es2a_  
d3fu7b1  
3uafA0  
3v68A0  
3t47A0  
3dt5A0  
d1dlja1  
1JGS-A  
1isuA0  
3ufiA0  
d5bnza2  
d1c7na_  
d3r95a_  
d4e6ma2  
d1e7la1  
3H0N-A
d1eu3a1  
1xknA0  
1IG3-A
d2cbpa_  
1k8kD0  
d2ba2a1  
d4c9wa_  
4zp0A0  
d1dcia_  
3b55A0  
d1q25a3  
3nfqA0  
4l3uA0  
3zpnA0  
2vjeB0  
d1sfsa_  
4lrvA0  
3ks7A0  
d3hraa2  
3tlqA0  
d4qrza_  
d2vnfc_  
4ip8A0  
d4pqda_  
d2bvfa1  
d3zpga1  
d1tjea2  
d3alua_  
d1cb8a2  
d1wj9a1  
d1pbya4  
d3h77a2  
d1n9ea2  
d1kwaa_  
d2v84a_  
2c4wA0  
d2hqya2  
1p9yA0  
4xb6D0  
1zhsA0  
5a8uA0  
d2o4aa2  
3F0P-A
d1b7va_  
d1dzfa2  
d2hv8e_  
d1ok0a_  
3ej9B0  
4oebA0  
4k8wA0  
3lhkA0  
d2y20b1  
d2geya1  
3uepA0  
3rnmE0  
4iabA0  
2guzA0  
d1ikta_  
d1h6ta1  
1I2T-A  
d1w1hb1  
d1jmva_  
1EEM-A
2i9xA0  
4cq4A0  
3fw9A0  
d1mpga1  
2aqxA0  
3cexA0  
d5ella1  
d2elca2  
d1kw3b2  
4k2jA0  
d2akab1  
1n2fA0  
d4dtja1  
d3ah2a2  
d1u5ha_  
d3fe3a_  
3lyhA0  
3mxaA0  
1xdnA0  
2p8iA0  
3s0yA0  
2YWL-A
d1pbya5  
3ghdA0  
1y0kA0  
4pp4A0  
d6rxna_  
2yqyA0  
d2ifcc_  
d1np7a2  
3lnlA0  
d4knta2  
2etsA0  
3I5C-A
d1mtza_  
2q03A0  
d1d0qa_  
3g1pA0  
3wwtB0  
3c1qA0  
2q5wE0  
2guzB0  
2PFW-A
4wzxA0  
1rutX0  
3tegA0  
d1efdn_  
2q3qA0  
d1lqaa_  
1zx3A0  
d3ejwa_  
3k1hA0  
d4mcaa_  
4gytA0  
d3q20a_  
d3s6oc_  
d1vfja_  
4n1lA0  
4u7iA0  
d3lpeb_  
2qffA0  
3dahA0  
3l7tA0  
3d2oA0  
3ju0A0  
3tqmA0  
2e52A0  
d2fzvb2  
4wpmA0  
d1yuxb1  
d4gv5a_  
d1aoza2  
3rf2A0  
d4ggca_  
d2pspa2  
d1a9xa4  
d4grfa1  
d1woqa1  
d1h72c1  
2qqzA0  
d3cy4b_  
d4atfb_  
5cukA0  
d3ljwb_  
2pfmA0  
2atzA0  
3wnzA0  
d4heia_  
3ES1-A
2f06A0  
d2bumb_  
d2fcua_  
2p62A0  
d4jysa_  
d2f9wa2  
2d48A0  
2a6qA0  
d1tkja_  
2VJW-A
3LHQ-A
d1pkxa1  
2z30B0  
4gimA0  
3w0oA0  
1wpbA0  
d4g3qa1  
2W39-A
4hc5A0  
3s9jA0  
d2ck3d3  
4fyyB0  
d1f3ua_  
3ocuA0  
d2uv4a1  
d1tuaa2  
1el6A0  
4ynhA0  
3kwpA0  
d4a5nb_  
2fp8A0  
d3euna_  
4cijA0  
2xcmC0  
1ss4A0  
1we1A0  
3ostA0  
3dedA0  
d2bs2c_  
1vq0A0  
1sk7A0  
d1t6la1  
4bjqA0  
d4h3db_  
1tuaA0  
3nyiA0  
4h1bA0  
d1dyma_  
d2bd0a1  
2zvcA0  
2xolA0  
1s0pA0  
d3agxa2  
d1tzjc_  
d4p13a2  
3hy0A0  
4ebyA0  
d3wxla2  
d4hkea1  
3k6gA0  
2yf2A0  
2G5X-A
d4ao5a_  
d1dp0a2  
4lgtA0  
3hjlA0  
d2xvaa1  
4ltyA0  
d2jdca1  
d2vzsa1  
d4hasa_  
d4d7ma2  
2xvoA0  
4wv4B0  
d2h88d_  
d2y43a_  
d2g7fa_  
2hd0A0  
d4h71a1  
4jdeA0  
2PLC-A
1OIS-A
1u9dA0  
d1gupa1  
3bqxA0  
1zmeC0  
3rq9A0  
3ugoA0  
2vveA0  
d3lida1  
3sltA0  
3rmqA0  
d5eehc2  
d1djpa_  
d2a6sb_  
4loxA0  
d4x7ua_  
d3gvja2  
d5ct4b_  
1lq9A0  
4fxiA0  
1IFR-A
3exmA0  
4r7eA0  
2bhwA0  
1EWN-A  
d1k92a1  
d2d2fa_  
d3h79a_  
2fkcA0  
d4hr3a2  
4lqbA0  
4pu5A0  
d2deqa1  
d2fcwa1  
1v74A0  
d4qbba_  
2P6W-A
d2bv9a1  
d2r7ga2  
2FBL-A
d4h5fa_  
2rk5A0  
d2a4va1  
3evyA0  
d3by8a_  
2WJ6-A
5d70A0  
1M65-A
d1al3a_  
d1n67a1  
d1k0ia2  
d1xmka1  
d1t6ka2  
3fzqA0  
2Q0S-A
3ge3E0  
d1n5ua1  
d3l9ua_  
d1yq2a5  
3bf0A0  
d2fkmx4  
1t4aA0  
d1h4ya_  
1ig0A0  
d3buba3  
d3s9dd1  
d1jmxa5  
d4p7ka_  
d1vhla1  
4ps2A0  
1zsoA0  
3omtA0  
2o70A0  
3rt3C0  
1yz1A0  
d3bp5a_  
d4qeda_  
d1kola2  
3EVF-A
1nycA0  
d2i53a2  
d4c5ja1  
2xbgA0  
1kcmA0  
d4eukb_  
3pesA0  
4xvvA0  
d1ec7a1  
d4f7fa_  
d1wd3a1  
d1vkca_  
2in0A0  
1DQT-A
d1ntya2  
4cahB0  
4rgwB0  
d1psra_  
2gviA0  
d3l2ca_  
d1tuka_  
d1g2ra_  
d4lgna2  
d2cbza1  
d3kj0a1  
d1wf3a2  
d4c5aa1  
d2hlsa2  
d2bnqd2  
1WXC-A
2p4oA0  
5c2iA0  
2xtcA0  
d4lx4b_  
d1r7ja_  
2oz9R0  
3l46A0  
3v69A0  
3a1jC0  
2aorA0  
d2c3ma4  
d1wwza1  
d3rf3b2  
1uxyA0  
4anoA0  
4n8x10  
d1bgva2  
d4gosa1  
d1dzoa1  
d1wz3a1  
2gj2A0  
2wvfA0  
3a2eA0  
d1jaka2  
3hcsA0  
2ccvA0  
3irpX0  
1c0pA0  
1o4wA0  
2cveA0  
1u14A0  
2yq2A0  
d1i7na1  
1ALU-A  
d2c2sa_  
2BNM-A
d4p13a1  
d1hx6b1  
2wy8Q0  
1x9zA0  
1y9bA0  
d1npyb1  
4xu4A0  
3zjaA0  
d1sg4b_  
d3mm5b1  
3shoA0  
3d19A0  
2gfgA0  
d1wxxa1  
d2ibta2  
2HHG-A
d1gqya2  
1E58-A
d3r5gb_  
4je3B0  
1pbyB0  
4h7wA0  
1tr8A0  
d1ccwa_  
1Z6O-A
d4l74a2  
d1szna1  
2W3Y-A
4zsfA0  
d1pina2  
2wdqD0  
4rgdA0  
d1qzga_  
2zyzA0  
4g3oA0  
4x5mA0  
4h5iA0  
d1ur9b1  
d3llba_  
d4g3qa2  
d2on5a2  
1FYE-A
4wfcB0  
2j8bA0  
d1pmjx_  
2gsvA0  
d3n7ha_  
d1jwqa_  
4rb610  
d2ix4a1  
d1q0ra_  
3jsyA0  
2clbA0  
1o0wA0  
d1gaka_  
1HH1-A  
3ieeA0  
3hwuA0  
d1xaua_  
d1qd1a1  
d4kqxb2  
4e2uA0  
d2o20b_  
3tufB0  
1ypyA0  
3BQO-A
d1sqga2  
d3ovpb_  
2xu8A0  
d1i2ka_  
4n03A0  
1HZT-A  
4k0dA0  
3bwsA0  
3cx5H0  
1I1B-A  
d4qiib_  
d1eisa2  
d4pdta_  
1vqoV0  
3ot2A0  
3FF0-A
d1q1ra2  
d1nara_  
2p38A0  
d3sp8b1  
3rx6A0  
d3qvsa2  
1zpvA0  
d2fq4a2  
d1ci9a_  
3etoA0  
3aa0A0  
1J98-A  
1Y12-A
1XKA-L  
1pugA0  
1u69A0  
4djbA0  
3r6aA0  
d2dfda1  
1RHS-A
d1ty0a1  
d3qija2  
d1np6b_  
3no6A0  
d4hcha2  
2xcmE0  
d3d03a_  
2ql8A0  
d2p39a_  
1lr0A0  
3rt9A0  
d3vfia_  
5cyjA0  
d1edta_  
3retA0  
1CY9-A
d4faka1  
4xb6B0  
d2dg1d2  
4pkfB0  
3fewX0  
d1cxla1  
d2auwa2  
4b6iA0  
1gd8A0  
d1q5ya_  
3pnxA0  
1D2O-A
1pprM0  
d1iq4a_  
d1vcla1  
1xxaA0  
d3bpza_  
1jofA0  
3fqmA0  
d1b37a2  
d4g4ya1  
d1pvma4  
d3ihqb_  
d1n5wc2  
3pdyA0  
5c74A0  
3otgA0  
d1ktba2  
d4ln7a1  
d2yrxa1  
d2g50a3  
d1sgwa1  
d2xvxa_  
d2e42b_  
4g6dB0  
d4cjna1  
3ronA0  
d2xigc_  
4ascA0  
1Z9T-A
d1q0qa1  
3d5pA0  
3g98A0  
2xedA0  
3kzpA0  
2wjnC0  
d2vmha_  
3napA0  
d1jnda2  
d2py5a1  
d1zzia2  
d2gjaa2  
d1vcaa2  
3l0aA0  
1NKR-A  
d1wc2a1  
d2c7oa_  
4mo0A0  
d2w0ia_  
9wgaA0  
5dinA0  
d2bt2a1  
1j1vA0  
2cxiA0  
d2byca1  
4c6sA0  
d2osaa_  
2q4wA0  
1V6T-A
2HB5-A
d1cf3a2  
d2y9ua_  
d4c7ya2  
d3kfqc_  
d3e6sa_  
2ap3A0  
4a0tA0  
1zswA0  
3ka7A0  
2CVB-A
2wq4A0  
d3vpda2  
d2cuza1  
d1waac_  
5elhA0  
d2quoa_  
3pmsA0  
3qaoA0  
d3c2ua2  
3mwqA0  
1nc7A0  
d4ey2a_  
d1glpa2  
1DDW-A  
d1wkoa_  
d2eboa_  
2p6vA0  
1a0tP0  
d4lb0b1  
16vpA0  
d2ymua1  
d4ee2a2  
4e1tA0  
2ydtA0  
4oogA0  
3pf2A0  
2oc6A0  
d3tnoa_  
3p04A0  
d4a1ia2  
d4k9za_  
d4a5xa_  
3fzyA0  
d1r89a1  
2HQQ-A
1nd7A0  
4l0nA0  
d5b8ib_  
d1jida_  
4aycA0  
3nf5A0  
d1jqba2  
d1mkya3  
3frrA0  
d2nsfa1  
d2deca_  
4zavA0  
1uujA0  
3ijwA0  
d1pufb_  
2xlkA0  
d1h8pa1  
3le2A0  
d3edea3  
d1jaea2  
d2bvfa2  
3mshA0  
d1xgsa1  
3zvkE0  
d1cqya_  
3e7hA0  
d1doza_  
d2nr7a1  
d2i0qa2  
1ylxA0  
3l1eA0  
d2y7ia_  
3favB0  
2r0yA0  
3f75P0  
2ipbA0  
d1gu2a_  
d5bnza1  
d2ej0b_  
4qxdA0  
4p1mA0  
3ca7A0  
2ifaA0  
d2ibta1  
d3rg8g_  
5cegB0  
1ijxA0  
3MNT-A
d4czoa_  
d2e7xa2  
3daoA0  
d1o9sa2  
d4n7ta2  
d1koea_  
d3b4ub_  
d1sgja_  
d1gvea_  
d2wdsa_  
d1lbua2  
d4ozea1  
d1h7wd5  
d1g3ua_  
2bbdA0  
4ipuA0  
d2ddba2  
2p3yA0  
d1fltx_  
d2fa1a1  
d3apta_  
4iohA0  
d4e4za2  
d2cx5a_  
d1g8kb_  
3rklA0  
d2fnub_  
3ddeA0  
1RFE-A
4nooB0  
d1u2wb_  
4acfA0  
5a9dA0  
d1eera_  
d3l4ua1  
d2pkoa_  
4p6qA0  
d3tfqb1  
2op5A0  
1HUW-A  
d2wu9a2  
d4f8ka1  
2xcjA0  
d3qp3a1  
1ydxA0  
d1i1ja_  
d2zkmx3  
d1usob_  
4ehsA0  
d2w11a1  
1KYF-A
d2v25a_  
d2ny1b2  
d1ov3a1  
d2cz9a1  
d1rjda1  
d1kw3b1  
d2bkoa1  
d4dlna1  
4fprA0  
d1jq3a_  
3vbjA0  
2wbmA0  
d2ebfx1  
4aghA0  
d1m1ha1  
1D0B-A
4athA0  
1DUS-A  
3ajfA0  
d2bsya1  
d2vfxe_  
d2hqya1  
d1ds0a_  
d1yzma1  
d1k4ma_  
1PIN-A  
d4g92b_  
1CCZ-A  
d1gcua2  
d5aisa2  
d3hdsa1  
2W5E-A
d3faka_  
d1qb7a_  
d3dhzb_  
2ph0A0  
2rckA0  
d3cx5c1  
2gs5A0  
d1iz5a1  
1dbfA0  
2yadA0  
d3tk2a_  
d2fbna1  
d2h2ba1  
2hw2A0  
d3a8ia1  
d2ff4a2  
d1gvna_  
2gagB0  
1rm6B0  
d1k6wa2  
3ESM-A
d1ir21_  
d4hx0a1  
2icgA0  
4mduA0  
d3c3kb1  
2qlcA0  
2f20A0  
3hfiA0  
d3hsyb_  
d1rc9a1  
4nohA0  
d4efia2  
4f98A0  
5a41A0  
2RG4-A
d4hpwa1  
2nscA0  
1AIE-A  
3fxdB0  
3q63A0  
d3f9ra1  
d4uaua_  
2gudA0  
1XMT-A
1H72-A
d1chda_  
3t3lA0  
d2fjbb_  
1G8Q-A
4hfvA0  
1h12A0  
3p3gA0  
2hkvA0  
d3gzxa1  
5cosA0  
d1ryph_  
d2ab0a1  
4noaA0  
3whrA0  
2pa2A0  
1sumB0  
d3og2a2  
d2f1na1  
d2boia_  
3imkA0  
1HH8-A  
2azeB0  
4mqdA0  
3fdsC0  
4rt5A0  
1u0tA0  
3zqoA0  
2E7Y-A
1gflB0  
4jbuA0  
d1xkra_  
d2q9ua2  
d3zeua2  
d3aqia_  
4q2uA0  
3mudA0  
1vlpA0  
d3iqea_  
d1px5b1  
d2qrwb_  
4f2lA0  
d1w0oa2  
4qgpA0  
2h5nA0  
4v3lC0  
4ui1C0  
d3dkma1  
d4ojga_  
1BAM-A  
1HLB-A  
d2heka1  
d2c49a_  
5cqfA0  
3k63A0  
2DQA-A
1pf5A0  
1syxB0  
d3rc6a1  
1UXZ-A
1CP2-A
d1hbmb2  
1s98A0  
d2a3ba2  
3a1gA0  
d1y6ia1  
d2p0wa_  
d1d7fa3  
1l1sA0  
d1yg6a_  
2q5cA0  
2QH9-A
d2bzua_  
3ok8A0  
d4e4za1  
d1rm6b1  
d1wura_  
1mtyB0  
2pv4A0  
3kyqA0  
3rhzA0  
3sm4A0  
4q7oA0  
4axiA0  
d5ella2  
4id3A0  
3aljA0  
2ilkA0  
3kmiA0  
3imoA0  
d1o03a_  
d1t8zc_  
d1u6zb1  
2x3vA0  
5fjzA0  
d2waga1  
d3wu2o_  
4mo9A0  
d2fzpa1  
d1mo9a3  
d2voha1  
4igvA0  
d1yu0a1  
3m92A0  
3o4pA0  
2VKP-A
3ouvA0  
d1vqaa_  
d4n6ka1  
d2cwfb_  
d4f7ua_  
d1hyob2  
3mfnA0  
d1m4va2  
4lkbA0  
d4z3da_  
3kl7A0  
4l1jA0  
d5cm7a1  
d1fhva1  
d4ib2a_  
d1t0bg_  
d3urra1  
d1epwa4  
2retA0  
1HW1-A
d4n68a1  
3fpnA0  
d1n7ea_  
2PBK-A
d1dl5a2  
d1qmga2  
1v5iB0  
1R4P-A
2ftrA0  
d2ocga_  
1qyiA0  
2ftxB0  
2q52A0  
d1wz8a1  
d3b50a1  
1u2mC0  
3CIJ-A
d2fvva1  
d4cava2  
2xrhA0  
2OML-A
d2asba2  
4bdxA0  
d2ea0a2  
d2nuga1  
2a8eA0  
d1i7ha_  
d1w96a2  
2x3mA0  
4mxpA0  
d1s7ia1  
3fxhA0  
d1t9ib_  
4h05A0  
1aihA0  
1KL9-A
3h6pC0  
d3inzf_  
d1qtsa1  
2ccqA0  
d1gl2d_  
1V8H-A
3r6qA0  
2jekA0  
3E0I-A
2qg3A0  
d4q0ha1  
3C9Q-A
d3hola3  
1B9O-A  
4hi8B0  
d4evya1  
d4b2oa_  
d3c7xa_  
d2id3a2  
d2v4na_  
4jb3A0  
3CAO-A  
1XNB-A  
3a32A0  
2IMJ-A
5e3eA0  
d4fw1b1  
3ci0J0  
d1dhna_  
d3wlqa2  
3GT2-A
d4zbya_  
d4c74a2  
4bsxA0  
d1rkqa1  
d3cxma_  
1CKA-A  
d4japa1  
2hueC0  
4dn9A0  
d4lw2a_  
4hl4A0  
3MEA-A
d2oraa1  
d4ybna_  
2p4zA0  
4jemA0  
d1i82a_  
d1rypa_  
1izmA0  
d2xova_  
1EVS-A  
1OEJ-A
d4n5ua1  
d3ejxd1  
d3lasa_  
2WLV-A
2fb6A0  
5eqzA0  
12asA0  
2aj7A0  
1IMX-A  
d1jhfa2  
d4ofca_  
d1kh0a_  
2R2D-A
2vklA0  
d1h72c2  
2wtpA0  
d4q4w3_  
3nx6A0  
4lqzA0  
d3tg7a2  
d1orra1  
2uwjE0  
3KWU-A
d1h5qa_  
d1u8va1  
d3ga3a1  
4f7gB0  
d2ehga_  
4h4nA0  
1K5N-A
d4pchb_  
1fkmA0  
2w5qA0  
3sc0A0  
3LUC-A
d4ts6a_  
d1gcqb_  
d4trrb_  
3nj2A0  
3ucsA0  
d5af7a1  
d3hn3a2  
d3o94c_  
2z0jA0  
d4rora2  
2ehwA0  
d1dp0a4  
3lrqA0  
d4ri6a2  
d4n21a1  
4he7A0  
1f3mA0  
d3e2qa2  
d4o9ga1  
1h7cA0  
d2g50a1  
4ew5A0  
d3fi9a2  
d2rc3a1  
d1lsha1  
2p06A0  
d3c1vb_  
d1p90a_  
3kfoA0  
d2h88b1  
d1t3ya_  
d1nr0a1  
4pwsA0  
2z1cA0  
3kusA0  
d1gcqc1  
2a2lA0  
3t7zA0  
d2p7mf_  
d1pvya_  
4n72A0  
2i7hA0  
2CM4-A
d4maza2  
d3dt9a_  
d1owla1  
3d3yA0  
2nlvA0  
d1fxla1  
d3r87a_  
d2f5tx2  
4s12A0  
d3o1wa1  
d4e9qa2  
d1kwga2  
d1qs1a1  
d3ij5a_  
2uw1A0  
d2djia2  
d3abmc_  
4qlpB0  
1NA3-A
4xj6A0  
4u89A0  
2oxoA0  
4xpzA0  
d2e7aa_  
2p8rA0  
2gjvA0  
d1xd3a_  
d2c2fa_  
d1kx5d_  
3kw6A0  
d3ah4b1  
d1h7oa_  
d4m1va1  
1h70A0  
3facA0  
d1giqa2  
d3dhhc_  
d1e39a3  
d2zgya2  
d1feca2  
2g8lA0  
3vorA0  
3kupA0  
d1ei5a2  
d1af0a1  
4n2pA0  
1RMD-A  
1F39-A
2o6kA0  
d3a20a_  
d1orga_  
3mw6A0  
d3f6bx3  
d1e0ca1  
2fhzA0  
d4hhva1  
d2hhpa1  
2QY6-A
d3qu3a_  
2j5yA0  
d1duga1  
d2i53a1  
1O9G-A
d1r9la_  
d3n1gc_  
2q8vA0  
d1klxa_  
d4gzja_  
4kt3B0  
4rxuA0  
d4mllb_  
d1iyba1  
3k2yA0  
3IIS-A
d2w1va_  
4ap4A0  
d3i7ta_  
4i0xA0  
1FVG-A  
d1eexb_  
d1l6pa_  
4mesA0  
4k6nA0  
d1qvea1  
d4howa2  
3pd7A0  
3onrA0  
d1r5za_  
1zlhB0  
2qipA0  
d4k00a_  
1LS1-A
2qn6B0  
d3gq4a3  
4w8pA0  
2gf4A0  
2BOP-A  
1mhyG0  
d2h3ha1  
d1a62a2  
d5bsea1  
3uitA0  
d3wxla1  
3ivpA0  
1G4I-A  
3nisA0  
d3wsga_  
4eo0A0  
3hugB0  
1j27A0  
d3mh9c1  
4n06A0  
d1wdya_  
d3v4ea_  
4rcjA0  
d2biba1  
d1j75a_  
4chhA0  
1QAU-A  
1KOI-A  
d3irva_  
4g2aA0  
d3nrzb2  
d1x0ca1  
3p51A0  
4repA0  
d2o0qa1  
d1r89a2  
4f54A0  
3sk2A0  
d3hrva1  
3mtsA0  
d2go2a1  
d2fgra_  
1ojhA0  
d1sq2n_  
3bfqG0  
1fi4A0  
3gwkC0  
4yorA0  
5amhA0  
d2w6ka1  
d4a75a1  
3KG9-A
d3hpya1  
d1pufa_  
d3rloa2  
d2alwa1  
3ed4A0  
4bh5A0  
d1pp0b_  
d4m9pa3  
d3umoa_  
d2fl4a1  
3a1yA0  
d3eksa1  
d3sqfa_  
2p12A0  
d4wiqa1  
1o9yA0  
d3boya_  
d2wwea1  
4o6dA0  
2o71A0  
3gt5A0  
d2oj5a1  
4uc1A0  
3i7aA0  
d1u6za3  
4a1kA0  
1MOF-A  
4a9zC0  
1JOB-A  
3wasA0  
2BT9-A
1j3eA0  
1R8O-A
d1yuxa2  
2ex5A0  
2ahmE0  
1Q7F-A
d2iu5b2  
1BTN-A  
1dqnA0  
d1bfda2  
1g61A0  
1E2W-A
d1n5ua3  
2hgsA0  
d2ohha2  
d2hewf1  
d1ojra_  
d2dt4a_  
d3cq5b_  
3it5A0  
2gpiA0  
d3ey1a_  
d1x54a1  
2z0vA0  
4g7vS0  
d1edqa1  
d1utga_  
1GWY-A
d3l4ta3  
d1q8ra_  
3n8bA0  
1whzA0  
d2nvoa1  
d1dgwa_  
3t33A0  
4ygtA0  
1zv1A0  
d2bnqe2  
4x1zA0  
d1ooea_  
4c1sA0  
2bykB0  
d4rkqa1  
4dn7A0  
d1wvea1  
d1y8aa1  
d4hwoa2  
1B9W-A  
d1gp0a_  
d1tqma1  
d2f2ha2  
2pywA0  
d1oxsc1  
3s4oA0  
3k4tA0  
d3a9wa_  
4ryoA0  
3mx7A0  
1p5dX0  
1fx3A0  
d2xhia1  
4dthA0  
d4p33a_  
d3l65a_  
4oogC0  
1F47-B  
1DCF-A  
d1ko7a1  
d3gzxb_  
d3bsga2  
2hngA0  
1hyoA0  
4rjwA0  
d3a3zx_  
d2giya1  
d3dkra_  
2P0S-A
4zmiA0  
4uf1A0  
1EJ0-A  
d2dm5a_  
d3b0ga1  
d4uula2  
1DFX-A  
d2a15a1  
2E3H-A
2d51A0  
4h9nC0  
4ksnA0  
d2p8ta2  
d5dlea_  
4qhuC0  
d4fkza1  
4pu7A0  
2xdhA0  
d3tvji_  
4cqiA0  
2cmzA0  
1YQ5-A
4ld1A0  
2zc3A0  
d1mrza2  
d3fu7a2  
d3bhxa2  
3t4rA0  
d2hz1a_  
d2abka_  
d4p92a_  
d1ynba1  
3EWY-A
d1a27a_  
d1qwza1  
1nj1A0  
3ctrA0  
d1q0qa3  
2KIN-A
4wpyA0  
3vygB0  
2incB0  
1vlaA0  
d2xmza_  
2jdjA0  
1g31A0  
5ajeA0  
4gr2A0  
d4mjea_  
2bkyX0  
4wmyA0  
1QB5-A
d1yb5a2  
d3clrd1  
1AIL-A  
2IZ6-A
d2idlb2  
d3g21a_  
4qicB0  
d2c3na2  
d1c7sa2  
4bvqA0  
4tr6A0  
d1n7sd1  
d1x6va1  
d1itxa2  
3ibwA0  
d2eifa1  
d1x1ia1  
d2gaua1  
4ovyA0  
d2x4da_  
2g8yA0  
d4djla_  
4njcA0  
1U0K-A
1zkpA0  
4zc3A0  
1m8rA0  
d1w2la_  
d3mkha2  
1NCG-A  
3ajvA0  
3g6sA0  
5a61A0  
4kwyA0  
d1st0a1  
3rf1A0  
3kwrA0  
d1dlja3  
1D4T-A  
4o8bA0  
1E25-A
3b9tA0  
2ja4A0  
d3kija_  
3h8dA0  
2obdA0  
4krdB0  
4bfcA0  
4f1hA0  
1vhhA0  
4wfwA0  
2r18A0  
1EZI-A
d3se5a_  
d4gi7a_  
3dfgA0  
d1cega_  
d3ii7a_  
3G39-A
d2fh1a2  
2a6hA0  
4hi6A0  
3dffA0  
4u12A0  
1ux5A0  
4rzyA0  
d4p3xa_  
1w94A0  
d1uj2a_  
3d0wA0  
1UWF-A
d1y0ha_  
d2wvbb2  
d3vqlb_  
d4g4na1  
3nr1A0  
1D4O-A  
d19hca_  
1eteA0  
3obqA0  
d1vf8a2  
d1nofa2  
1g8eA0  
2okuA0  
3adgA0  
d3r8ja_  
d1blia1  
2oggA0  
3K69-A
1mmsA0  
1W0N-A
d2iona1  
d2a89a2  
d2z1fa2  
3floB0  
d1c9ya2  
3nreA0  
1fp3A0  
d3gixa_  
d1yrka1  
d4oy6a_  
d2bmob1  
3zfpA0  
3E1E-A
d2pk3a_  
d2bcqa3  
3p96A0  
1JQE-A
d1t15a1  
4fpwA0  
1NPK-A  
d4do4b2  
4omgA0  
1s12A0  
d1jiwi_  
4u8fA0  
d3boba1  
2FCK-A
d2cara1  
1WOJ-A
4d5tA0  
4j7oA0  
1DW0-A
3F7W-A
1mw5A0  
1DNU-A
3nzmA0  
2ql2B0  
1d2zA0  
3KLB-A
d1c82a3  
d1u6ta1  
d2omua3  
4r0sA0  
d4jp9a1  
4omfB0  
d2d5ba1  
1vqoY0  
d1vkib_  
d2psfa_  
d3g1la2  
2gs4A0  
2q97T0  
2yilA0  
d1dv1b1  
2f22A0  
2ZL7-A
d2v09a_  
d2ycee_  
1wmiB0  
d1rkda_  
d2jd4b2  
3cmbA0  
d1lmia1  
3laeA0  
1F86-A
d4evma_  
3LMZ-A
d1bfda1  
1SRA-A  
1vlyA0  
d1r29a_  
d4mpla_  
1EG3-A
1rqpA0  
d1oj6b_  
d4p3aa1  
d4ddda_  
d1rkua1  
1YBI-A
4kt6A0  
2qm4A0  
d4izga2  
1qr0A0  
3v7bA0  
d2bkfa1  
3o2iA0  
1inpA0  
1q25A0  
4o7qA0  
4l54A0  
d1zsqa1  
d3etha3  
1QJ8-A  
3tu8A0  
2erwA0  
d2hzca1  
d1fl2a2  
3ni8A0  
d3h0ua1  
4uc8A0  
3smzA0  
2gk4A0  
4pugA0  
2J6G-A
3favA0  
d4kb1a_  
d1odkb_  
4rb620  
2xqqA0  
2GFH-A
4hdjA0  
1vqoO0  
1PPT-A  
d3ldva1  
d1ofza_  
3lazA0  
2fi0A0  
1CY5-A  
2ppvA0  
d2c1va1  
3rf3A0  
2icwG0  
d4hata_  
2i9dA0  
3c0fB0  
3giaA0  
d1b2sa_  
2zcaA0  
3H96-A
2vgaA0  
3wisA0  
3gp4A0  
d4ykib_  
d1x0ca2  
d1mv8a3  
d2nptd_  
d1hz4a_  
d2d7ja_  
d3o5ca2  
d1kcvh2  
2yorA0  
d4hn4b_  
3i5qA0  
3IBZ-A
d2asba3  
d1f0la2  
1NF9-A
3KCG-A
d2d5ka1  
d1f0xa2  
3nppA0  
d3b3ra2  
3q6kA0  
1j3wA0  
4a0eA0  
4esqA0  
3fv6A0  
1twfC0  
4e6fA0  
d4fyra4  
d2c62a2  
4m1pA0  
d1pm4a_  
2ASF-A
d3phza2  
4zkqA0  
d4xfsb_  
4fayA0  
d1eaza_  
1yfnA0  
1dfuP0  
4qlpA0  
1yf2A0  
d1xu1a_  
3p1xA0  
3evsC0  
3l9aX0  
d2oeka1  
2dgbA0  
d1xova1  
3sxuB0  
d1jyoa_  
1vqoS0  
d2f6ua1  
4zqxA0  
d1oj8a_  
1usyA0  
d2vzsa3  
2cc6A0  
d5byqa2  
d4m9pa1  
d3hhtb_  
4jphA0  
2C2I-A
d1m7gc_  
d4ba1b1  
1d2zB0  
3hj4A0  
4g6uA0  
d2dp9a2  
119L-A  
d3isqa2  
3me0B0  
5c8qB0  
4PAZ-A  
4ytwA0  
4rb6I0  
4qmdA0  
1bxyA0  
d3hs3a1  
3lqkA0  
d3olfa1  
d5cxka_  
3ofgA0  
d1nyka_  
2askA0  
3rxyA0  
d3mtqa1  
d4n4ua1  
d1zuua1  
3iruA0  
d2fjza1  
d3wxba1  
2pn1A0  
1r0dA0  
3h36A0  
1ZVT-A
1AX8-A  
1xszA0  
4dnnA0  
d3h5ia_  
4nbpA0  
d4j0ea1  
4qs4A0  
3s0aA0  
d3gl1a1  
3jygA0  
1vqsA0  
d3l4ra_  
2apoB0  
3lphA0  
3E23-A
d3cb0a_  
1wr8A0  
d2slia1  
d1d2ea2  
2wh6A0  
3ck6A0  
d4aqla2  
3rriA0  
1NLS-A
d1n08b_  
d4o1ra1  
d4c03a_  
2ogfA0  
d1gyxa_  
4o8wA0  
1KGD-A  
2zd7A0  
3k1sA0  
1iujA0  
4fqgA0  
4goqA0  
d3wh9a_  
2FP1-A
1JFL-A
4fm3A0  
3LLK-A
d2vo8a1  
3o3mA0  
4jonA0  
d1ooya1  
d3ppva1  
4mlmA0  
3zhiA0  
1jr2A0  
4rz9A0  
1z1yA0  
3ooqA0  
d4xvsl2  
3pivA0  
2oy9A0  
4xpmB0  
4c0zA0  
d1u3ia2  
3adyA0  
d4pd0a2  
d3dhoa_  
d5d14a_  
3zzyA0  
d3hbwa_  
d2g1ua_  
4knkA0  
d3rtlb1  
d5cfla1  
2oitA0  
3hlzA0  
1kafA0  
2BOU-A
d2imqx_  
1r7lA0  
2ev1A0  
d1oipa2  
d1c3pa_  
2GZQ-A
d3a74a1  
d3fiqb_  
1kv0A0  
3ck2A0  
d1gnua_  
3q9dA0  
1Q7L-A
1J74-A  
d2hy5c1  
d2py2a_  
d2fe8a1  
d1zswa2  
3r0rA0  
d1bf6a_  
3HTS-B  
1mvhA0  
3EBK-A
1yu5X0  
1KI0-A
3uv0A0  
d1k2aa_  
d1y7pc1  
d2fh1a1  
1kzyC0  
d3md9a_  
2jkgA0  
d4r5kb2  
d2qc1b1  
d2fb5a1  
4uypB0  
d1x6ia1  
d1c2aa2  
3vdjA0  
2iybE0  
1yqhA0  
4h2wA0  
1EFQ-A  
d1uuza1  
d2vwsa_  
d4mzya1  
d4q7ea_  
1oaiA0  
1wp5A0  
3m9lA0  
d2mbra2  
d2fbqa2  
4g7xA0  
3eudA0  
1z2nX0  
1oygA0  
d2z8la1  
4rb6V0  
2JCQ-A
2fyuK0  
d1z6om1  
d4afha_  
1xo0A0  
d4gv4a1  
1lngA0  
1vkbA0  
2QDX-A
4bjwB0  
d2pvqa2  
1C52-A  
3ff5A0  
d3bpxa1  
2fyuI0  
d1kzqa1  
d4exlb_  
d3sjma_  
4oa3A0  
2wvqA0  
d1gxma1  
1G8A-A
d1jnra1  
d2ywka1  
3ckmA0  
5bq9A0  
4ajyV0  
4g0xA0  
3HNN-A
d1yq2a3  
3tm8A0  
3axbA0  
3fayA0  
2feaA0  
1KGS-A
d1rwra_  
2auwA0  
d1uslc_  
d4qpca2  
d3txya_  
d1pk3c2  
2IMH-A
4al0A0  
d1hdoa_  
3u0oA0  
d1wlza1  
3zw5A0  
4mejA0  
4gmqA0  
d1k26a1  
3od8A0  
2ovsA0  
d1f9pa_  
1q8bA0  
3LFT-A
1VAJ-A
d1vaxa2  
1A8O-A  
4e4tA0  
2CG7-A
4znmA0  
d1dlja2  
1stmA0  
d4gvoa_  
3k93A0  
4rp3A0  
d1sdza_  
1E20-A  
3kp1E0  
3s6eA0  
d4ohjb1  
1nz0A0  
d4mlpa1  
1cmcA0  
4jg9A0  
4id2A0  
d3wvta2  
4hstA0  
d3agna_  
d4kooa1  
1jyaA0  
d2a9da1  
3C9Z-A
2xtlA0  
3kcpA0  
d4cuda2  
4kppA0  
d4mi4a_  
d1o75a1  
3eusA0  
d1y7wa_  
4v0bA0  
d3etha1  
2ftxA0  
3hglA0  
1FZQ-A  
d1k3ia2  
4ruqA0  
4yx7A0  
d1lu9a1  
d1xg7a1  
2d4rA0  
d1iuka_  
d4im7a2  
d1kfwa2  
d4dhib_  
d1uaia_  
1xviA0  
4lu2A0  
d3t6dh2  
d3uv4b1  
4lqeA0  
3I10-A
d1usca_  
d2vapa1  
4nzvA0  
3towA0  
1twfF0  
1t07A0  
d1uasa1  
3c9pA0  
4opcA0  
d1h4ra1  
d3cx5a2  
1cjcA0  
d3b76a1  
d1ei5a3  
d2ff4a3  
d1ja1a2  
2q4qA0  
2q14A0  
d1svba2  
d2f5tx1  
d4ilyb1  
d3mmda_  
d1mpga2  
d4eada1  
1z6uA0  
d1f0ka1  
d1v4pc_  
d1bbha_  
3tysA0  
d1pz4a1  
4dlhA0  
d5dkva1  
4m8aA0  
d1q8fa_  
1twfK0  
d2g84a1  
3trtA0  
3k26A0  
3nfgB0  
3q6bA0  
2YVT-A
d1zswa1  
4as2A0  
d4duna1  
2x4kA0  
2po1B0  
d2q87a_  
3a1pB0  
d3r5ta1  
d3n5id_  
d3qpmd_  
4xalA0  
d3vrda1  
d3ml1a2  
1pc6A0  
4rsxA0  
3c8iA0  
d4e9ea_  
3godA0  
d2qnwa_  
3zsuA0  
d3rs1a_  
2f5tX0  
3c19A0  
d1cqxa2  
d2ap1a1  
1r8hA0  
2pstX0  
3IC3-A
d4jf8a_  
d2bt3a3  
d4ylqt1  
4eg2A0  
1I27-A  
3ns6A0  
4rhoA0  
d1sh8a1  
4ecgA0  
d5epfa1  
3wfdB0  
3abfA0  
3B5M-A
d4japa2  
3uo3A0  
d1jcja1  
d1j0ha2  
1I8O-A  
d1gpua1  
d1eb0a2  
d1g5aa1  
d1i24a1  
4mzaA0  
d4lzla_  
4ntqB0  
3d7jA0  
d4br5a1  
4mt4A0  
d1iv7a_  
d3m2vc_  
d3riya1  
3lzdA0  
3s7rA0  
d2je8a5  
d1ntya1  
3kyeA0  
3uipD0  
1v76A0  
d4mcbb_  
d1vr6a2  
3rpfA0  
3veaA0  
3cedA0  
d4mikb_  
4qxbB0  
3agcA0  
1PN2-A
4p5iA0  
d3g4za_  
2aneA0  
d4pmxa_  
4jtmA0  
d4q4w1_  
d5af7b2  
1MBM-A
3qc7A0  
d1yp5a_  
3BY9-A
d3po8a1  
1H9M-A
d1cs6a1  
4r78A0  
1qrvA0  
1BJ7-A  
d1svla_  
d2f8ya_  
3etnA0  
d2g7oa1  
2ijqA0  
d3cx5g_  
d1h99a1  
d1yrbb2  
d2gbwa2  
d1tvga_  
d2ivxb2  
3zihA0  
4rfuA0  
1H96-A  
4kt6B0  
3ioxA0  
3eziA0  
1FT5-A
d3t4ea2  
d1qhoa2  
1CC8-A  
4wjtA0  
2iojA0  
1VIO-A
2yk4A0  
4cu5A0  
1zhxA0  
4iu3A0  
4ev1A0  
3fo8D0  
2pc6A0  
1tigA0  
2fc3A0  
d4avxa2  
2rhkC0  
3u0cA0  
4ml7B0  
d3us3a2  
d4a79a2  
d3qj3a_  
d2r6r12  
2dlbA0  
1SVI-A
d2ijxa1  
3adrA0  
d1ntva_  
3ib5A0  
d1x46a_  
4zjnA0  
4mveA0  
d3r3ra1  
1BUD-A  
d1woua_  
d4le1a_  
d1hyoa1  
2efvA0  
d3nfwb1  
3fidA0  
d1lj5a_  
d1cipa1  
2w2uA0  
d3sk3b1  
4f55A0  
d1g6ga_  
d1x1ia2  
3iuwA0  
d2zkmx2  
2fdoA0  
4hddA0  
3rojA0  
1twuA0  
d1nbua_  
3tdwA0  
5c50B0  
1t6t10  
d4gqnb2  
4qa8A0  
d2v87b2  
3onqA0  
d1glpa1  
3fybA0  
2yztA0  
1ya5T0  
1wv3A0  
d4c5aa2  
1guqA0  
d1ijba_  
2X2S-A
d1b63a1  
1KTE-A  
2F6E-A
1JZT-A
d1r8na_  
d1m2xa_  
d3dera1  
1BKB-A  
2ovgA0  
d1ewfa1  
4phzC0  
d3bjpa1  
d2b3ya1  
d1wola_  
4ccgX0  
1v9fA0  
d1cq3a_  
4n77A0  
5bq8A0  
d4gcoa_  
1WHO-A  
d1v1ia1  
1vyiA0  
d1nh2a2  
d3saob_  
4doyA0  
3sy6A0  
3w54A0  
2x57A0  
3gf6A0  
d2ji7a3  
d2ga4b_  
1VFY-A  
3r3pA0  
d2j07a2  
d4qd8a_  
1E3O-C  
4ytwB0  
d4mzya2  
d4cy9a1  
d4xdya1  
3wrbA0  
d2nuga2  
d5cjha2  
d2rara_  
4js1A0  
d1c8ua2  
1QTO-A  
d1owfb_  
d1mxga1  
d1elka_  
4tqjA0  
d1gika_  
d4oe7a_  
d1lm8b_  
2X2U-A
1mgtA0  
d1pzsa_  
d1afwb1  
d3wvjb_  
d1gpua3  
d1n5ua2  
2wu9A0  
d2z1aa1  
d3c8ya2  
1vp8A0  
2iwaA0  
3l41A0  
d4w4kb_  
d2o9aa2  
2R47-A
4wh5A0  
1no1A0  
d3poqa_  
1JFR-A
2f62A0  
d2f2ba_  
d4rk0d_  
d1dzzp_  
d4bg1a2  
1HQ1-A  
3pkvA0  
1K6D-A
5an6A0  
2I53-A
d1ojna2  
d1gd9a_  
d2yvaa_  
d2xwsa1  
1FLT-A
2pqcA0  
3KS6-A
d2c5aa1  
3mf7A0  
3k7dA0  
2NXV-A
3itfA0  
d1pz3a2  
d1uc7a_  
3fmbA0  
4adnA0  
3GMX-A
d5cvja1  
1ERV-A  
1J84-A  
3CVO-A
4oq2A0  
d1pj5a1  
2VOK-A
4kq7A0  
d3lbcd_  
4bjzA0  
1G1T-A  
d2a0ma1  
d4cjna2  
d1wk8b_  
d1o75a2  
4i9xC0  
d4dv8a2  
3MYX-A
d3elxa1  
3ggmA0  
d3l0lb_  
5cetA0  
3pviA0  
1BT0-A  
1r89A0  
d3edea1  
d3qf2b_  
1o20A0  
3hwcA0  
d1oe8b2  
4u5wA0  
d3bzaa2  
d1in4a1  
d1b5ea_  
d1be0a_  
2xt2A0  
2qc5A0  
d3i2ha2  
5awvA0  
d1pqua2  
d3njxa2  
3ubmA0  
d1nr0a2  
3nymA0  
1qwyA0  
d5a6tb_  
1vkwA0  
2i9fA0  
d3hola4  
d1r17a1  
3ju3A0  
1qs0B0  
3eoiA0  
d1oxva2  
1feuA0  
2rk0A0  
d1vkka_  
d3lbfa_  
3a7rA0  
d4c2la_  
2vfkA0  
d1xtia2  
d1wera_  
1nu7D0  
3djeA0  
1u8vA0  
2ib0A0  
d4czla2  
4x33A0  
4phzB0  
3gbwA0  
1RKI-A
d1rypi_  
d2fhba2  
d3ov9a_  
3iezA0  
2v8qE0  
d3us3a1  
d2q6ka1  
4xb6C0  
2d7vA0  
d1b71a1  
4fqnA0  
d5e6za1  
3gwnA0  
d3tefa_  
d1dp7p_  
2dzdA0  
1f5qB0  
4lg3A0  
d2ps1a_  
2QE9-A
d3ai2a_  
2hfnA0  
1gprA0  
d1ei5a1  
d1dzfa1  
1EJE-A  
d2z51a1  
d1iqza_  
3rgoA0  
3l8wA0  
d3t6ca2  
d4axob1  
1n7zA0  
2y6xA0  
d3uida1  
1AJJ-A  
3zuxA0  
d1rw9a3  
2pyqA0  
2Q46-A
4hhuA0  
d3so8a_  
3ol3A0  
1TC3-C  
d3bexa1  
2o34A0  
4gipA0  
1dwkA0  
2YVQ-A
3ijtA0  
1ztdA0  
3i1aA0  
d2vk1a1  
4g7nA0  
2iuyA0  
d1ja1a1  
2ek0A0  
d3rssa1  
d4bcsa_  
d1kpta_  
1M1S-A
4zoxA0  
3cpkA0  
1A3C-A  
d4lsya_  
d4nf0a_  
1b77A0  
2qyaA0  
4yzgA0  
3CYR-A  
3wkgA0  
d4h8wc1  
4errA0  
d1w3ia_  
d1g0ca1  
1dfmA0  
4r1dB0  
4nomA0  
3b09A0  
3bh7B0  
1U7P-A
1s68A0  
1IAP-A  
2A1K-A
d7ahla_  
d1yixa1  
3zr8X0  
2hiqA0  
3pf6A0  
1l9lA0  
d3eu9a1  
1T15-A
3qxlA0  
2r60A0  
d1elra_  
1I3J-A  
2fp4B0  
3tfzA0  
d2g28a3  
d1mvub_  
3vc8A0  
2F2E-A
d2bwsa1  
3ld7A0  
1F7S-A  
1CQQ-A  
d1a9xa2  
2qklB0  
3pm7A0  
3f52A0  
3ix7A0  
1s2xA0  
3pm2A0  
2STV-A  
1DJ0-A
4xo1A0  
d1evya2  
d2wcwa_  
4makA0  
3zghA0  
4ezfA0  
d1q1ca2  
1W5R-A
4qn8A0  
d1zava1  
d4csrb_  
4oo0A0  
d1saua_  
4wxsA0  
1okcA0  
d1y1xa_  
3x37B0  
2oyaA0  
d1b25a2  
d1m9na2  
3sukA0  
2HLY-A
4ftxA0  
1GCI-A
3k6qA0  
2xhiA0  
1NTN-A  
2cxcA0  
d3bw7a1  
d1vbwa_  
1AJ6-A  
4gdzA0  
3fn2A0  
2od6A0  
d2cyya1  
d3c9za2  
4d79A0  
2QRU-A
d1i19a2  
2qdlA0  
5a10A0  
2ebeA0  
2ps5A0  
d4rxma1  
d1kzqa2  
4xcpA0  
d1sf9a1  
2MCM-A
3ze3A0  
2wyaA0  
d3llpb4  
d3i3qa_  
3uxjA0  
d3vupa_  
d4omua2  
2oyyA0  
d4dipa1  
d1rwza1  
2z51A0  
1TQ5-A
d2b56a2  
1I39-A  
2j7aA0  
d1u9pa2  
d2j98a_  
d1t0fa2  
1U5K-A
3ld1A0  
d3n08b1  
d1lu9a2  
d2akra2  
3lwtX0  
d4n26a2  
d3e6cc1  
3ov5A0  
d2pora_  
1JAY-A
1tuwA0  
4zvcA0  
1dmuA0  
d3uvha1  
3bo6A0  
3coqA0  
1UEB-A
3bd1A0  
2PZ4-A
d1muga_  
d3orha_  
d1f0ya1  
4k70A0  
4cbkA0  
d4fyra1  
3q64A0  
d1yt3a2  
d3oe1a2  
d2ijjb_  
1YUK-A
4x9mA0  
d4d08a_  
1V84-A
d4tmka_  
4m6bA0  
2d7eA0  
2yavA0  
3t7dA0  
d1gl2b_  
1pdkB0  
4p0zA0  
3f08A0  
3qthA0  
3fh3A0  
2pn2A0  
2wfoA0  
d2a2aa_  
4ay9B0  
1bouA0  
d3kzya2  
1dtdB0  
4o87A0  
2nn5A0  
d2choa2  
d2f1fa2  
d1e29a_  
d3h4ia1  
d3cx5b2  
d1i52a_  
1zpsA0  
4pvaA0  
d2rdea1  
d3ho7a1  
4qasA0  
d3qx1a1  
1EYH-A  
2od0A0  
3FSM-A
4m0qA0  
d1j0ha3  
d1t7va1  
3znuA0  
4qplA0  
d1ktga_  
2TCT-A  
d2o6pa1  
2O62-A
2B7U-A
2rffA0  
3sumA0  
1JHJ-A  
d3ti2c_  
4iqnA0  
d1wvea2  
2nw8A0  
2d8dA0  
d1t7va2  
d1dg3a1  
d4n6da1  
1REC-A  
3shgB0  
1K12-A
3ee4A0  
4ic4A0  
3h5lA0  
3n1eA0  
1q08A0  
d3smpb2  
1K4N-A
3v6iB0  
1y0bA0  
d4fnha1  
d3dg3a2  
2DST-A
d3sqza2  
d1kdoa_  
4o7jA0  
1EJ2-A  
d4glqa_  
3x37A0  
d3o1wa2  
4inoA0  
2Z98-A
4narA0  
d1x8da1  
d1e19a_  
3gxqA0  
3DP5-A
4h5bA0  
3axjB0  
3gwcA0  
d1l7ja_  
3cryA0  
d2ebba_  
d2ve8d_  
d1pxza_  
d1kjwa2  
d4rcya3  
d3lzlb_  
4r7kA0  
4w5xA0  
1UFO-A
d3fn8a2  
d2j43a2  
4j6oA0  
3aqbA0  
1FIM-A  
d2xdpa1  
3MAO-A
2V2G-A
d2r31a2  
d1khia1  
d1tu9a1  
4ohcA0  
d1m9za_  
d2adua1  
2jliA0  
4hfiA0  
d1f1ua1  
d4dv8a1  
3abqB0  
d4lmyb1  
3letA0  
1eayC0  
3va4A0  
1K1B-A
1uj8A0  
3du1X0  
3fcnA0  
3hl6A0  
4cs4A0  
1ts9A0  
1DG6-A  
1KYH-A
d2y7pa1  
d2ayda_  
2nn4A0  
3d2yA0  
3dshA0  
3tufA0  
d1ikpa3  
3g5oB0  
d3a9ra2  
d3e05b_  
d2ii6a1  
1twfJ0  
2ew0A0  
4pevA0  
d4f8xa_  
d1evla2  
d1b8pa1  
4i4m60  
3ieyB0  
4xzfA0  
4eqqA0  
2p0bA0  
1IYN-A
3w1oA0  
d3qtpa2  
1sdiA0  
d2bkaa1  
1vqoP0  
d3azxa_  
1b67A0  
d4ij5a_  
1q9uA0  
d1eyza1  
d3toya2  
d1a9xa1  
d1vzya2  
3qqmA0  
d4cjna3  
d1t0fa1  
d3a9ba1  
2ge7A0  
1B12-A
d2pkfb1  
2pliA0  
3MW8-A
4jehB0  
2b9dA0  
1h6fA0  
3by5A0  
d4f01b1  
2p3pA0  
d1aopa4  
3wdgB0  
5czyA0  
3rlkA0  
4ciiA0  
3hg9A0  
4mo1A0  
3rkcA0  
d3quwa_  
d1idka_  
d4ee8a_  
d3gqtc1  
1xuvA0  
2xz2A0  
2p90A0  
d1k6ka_  
d1jy3n_  
1J1T-A
d2acoa1  
1ro7A0  
3o6uA0  
d3bxeb2  
2e85A0  
d2aq6a_  
3a8yC0  
1BC8-C  
1LBA-A  
d3mala_  
4n04A0  
3g5bA0  
2PNE-A
1tafB0  
1NBA-A
4wftA0  
2OPW-A
2j58A0  
d1m1ra_  
3q4oA0  
d1ikop_  
d2ch5a2  
3rwnA0  
3kxrA0  
1w53A0  
1RH4-A  
d2g3ra2  
d1p1hc2  
d1gupa2  
d3ljea_  
1y6xA0  
d3bexa2  
1lpbA0  
d1doia_  
3b0bC0  
d2dr1a_  
4bemJ0  
3o2uA0  
d1dmra1  
d2c0ab_  
d1i0rb_  
d2nllb_  
3h87C0  
5a9aA0  
d3ngfa_  
1X7V-A
d1gqya1  
2otaA0  
2gaxA0  
d4w8ga_  
d3d85d1  
3g9gA0  
d1x1oa2  
d1ueka2  
2xfvA0  
1QL0-A
3hfwA0  
2q4xA0  
d4i02c2  
d1e42a1  
d1h0ha1  
3qs2A0  
3lydA0  
4jglA0  
1AE9-A
d1q25a2  
1yu0A0  
d4v2pa2  
1gzsB0  
3bcyA0  
d1smxa_  
d4bqpa_  
3rj2X0  
2pt7G0  
d1guda_  
d3exra_  
3danA0  
1B9M-A
4jdxA0  
d1oqja_  
d1g68a_  
d1vcca_  
d1tqga1  
2zqmA0  
d2a4wb2  
d2dy1a3  
3tl4X0  
d1fnea1  
1s9rA0  
2ILR-A
2FCB-A  
d3vrda2  
2FW5-A
1qexA0  
3rkgA0  
d2bfwa1  
1G5T-A  
1sgvA0  
1IM5-A  
4rksA0  
2gsoA0  
1vqoX0  
3st1A0  
4otnA0  
3KEW-A
1g8lA0  
d2q8oa1  
1s4kA0  
4qb0A0  
3aeiA0  
d1itva_  
d1li1a1  
2wdqC0  
d1gu7a2  
1GNY-A  
4dyqA0  
2Z84-A
d1wkra_  
1E5K-A  
2ntkA0  
d2piea2  
3amrA0  
4fc9A0  
3C5N-A
d1r89a3  
1OPC-A  
d1w99a1  
d2guva1  
d1u2ha_  
1cshA0  
d2egja_  
3rq4A0  
2h1tA0  
2dtjA0  
d1a9xb1  
1T1D-A  
d3rf3b1  
3ag3I0  
1ylqA0  
2p9xA0  
3ohgA0  
d3egwa2  
d1b93b_  
d4zd6a_  
d3n90a1  
d2j1qa1  
3woeB0  
4m6rA0  
4x0jA0  
2yfaA0  
d2ag4a2  
2hsbA0  
d4k6gb1  
1PBV-A  
2QS9-A
d1zvra2  
4m0nA0  
3aiaA0  
3qhpA0  
1no5A0  
d2wbvb_  
d4lfka_  
d1chma2  
1I71-A  
2rjiA0  
d2j3xa1  
d2qosc_  
d2hd9a1  
3aonB0  
1r4vA0  
1rzuA0  
d1eara1  
3mc8A0  
2j6bA0  
3L42-A
d2whja1  
2CUL-A
2yviA0  
5aoxA0  
3mbhA0  
4hpmA0  
3m9qA0  
2fb0A0  
d4d8gd1  
4qptA0  
3DAL-A
d5dd9a1  
d1t1ja1  
d1m5sa2  
4pgrA0  
d1k20a_  
1HE9-A  
d1sqga1  
d3l78a_  
1v7mV0  
2ewcA0  
d1d4aa_  
2UWI-A
4uskA0  
3ty1A0  
4pawA0  
5cegA0  
d3hzbb_  
d4f7ug_  
3i24A0  
d3ph9b_  
2oqmA0  
3vpyA0  
3u1wA0  
1CJW-A  
d2g7sa1  
d1d2ma2  
d4yuda1  
d2abwb2  
1FXO-A
2y4oA0  
2ek1A0  
1mrrB0  
d4lpxa1  
4g4kA0  
3wurA0  
5aj8A0  
2D5M-A
3cxnA0  
3of7A0  
2XFD-A
d4hlsb_  
d1ihga1  
3EIP-A
1x6mA0  
3zdmA0  
d1n5wc1  
3vk8A0  
d3oj6a_  
3tbmA0  
2DTR-A  
3qjgA0  
4rb5N0  
d3bfuc2  
d3m0ja_  
4exoA0  
4oe9A0  
2g3wA0  
1JPC-A  
2E56-A
2ofyA0  
3sokA0  
4jivD0  
1k8kF0  
3u52C0  
d1bgva1  
1JMT-A  
d2o5fb_  
3ce9A0  
d3c9ua2  
d4f83a2  
4kieA0  
d3pr9a_  
d3l4ua4  
d3qzba1  
2SAS-A  
3pkzA0  
d2zqna_  
4qtqA0  
2xdqA0  
d3ozca_  
d1upsa1  
d2nlqa_  
4dooA0  
d2cj4a_  
4x9rA0  
d2fhta1  
d4hz2b2  
2J7J-A
4fypA0  
2YQZ-A
d1w96a3  
2ou6A0  
d1nu5a2  
1dx5I0  
d1fk0a_  
d2onqa_  
2xc8A0  
d4wuia1  
4qt9A0  
1N62-A
2qz7A0  
d2hhpa2  
d3rd2a1  
2zx2A0  
2VZC-A
2nwiA0  
d3hraa1  
3zn4A0  
d2h3ua2  
3njcA0  
d4inwa_  
1A62-A  
d5byqa3  
d2c0ga1  
2qsfX0  
16pkA0  
1dj8A0  
4tshB0  
2ehbD0  
1QWG-A
3LYY-A
d4kn9s_  
d3fr3a2  
d4re5a2  
d1ak0a_  
3L2H-A
d2ck3a3  
d4bmxb1  
1rxqA0  
3jsrA0  
d3lpnb2  
1F32-A  
d3cx5c2  
2i44A0  
d3h12a1  
2GM6-A
d2cc0a1  
d3zeua1  
1JMW-A
d1m6ja_  
d1zcza2  
3bgeA0  
d4igia_  
4e0gA0  
4x1cA0  
4mj7A0  
1dp4A0  
1jixA0  
2nmlA0  
d4x00a_  
1MIX-A
d3qmqa1  
d3ci1a1  
1AM2-A  
3eabA0  
d2bkya_  
2a40B0  
d2a6ya1  
3nfgA0  
d2xwtc_  
2UZ0-A
4jdoA0  
d2r0ba_  
d2ebfx2  
3l8qA0  
d1djea_  
d3ea6a2  
2DXQ-A
d1woga1  
d1cb8a3  
d1qksa1  
4ix9A0  
d3dm8a1  
3vrdB0  
3zrxA0  
1OI7-A
d2c3ma5  
d1xu1t_  
d3cxva_  
d1e42a2  
3r27A0  
3d7iA0  
d3ssab3  
1v74B0  
d1yq2a4  
3B42-A
1B5L-A  
2FEF-A
4gi3C0  
d4mmga_  
d2je8a3  
d4lc3a_  
d3agxa1  
d1rnia_  
1vq2A0  
2i7rA0  
3vl1A0  
d4q14a_  
d1v33a_  
3v5wG0  
d4dyda1  
3fkeA0  
d1dp0a1  
d2odfa1  
d1ng6a_  
4p09A0  
3lhoA0  
3vasA0  
4uxeA0  
d3zyka2  
1OR0-A
1T6S-A
d1krha1  
d3a5aa_  
5c39A0  
d4edpa_  
d1b94a_  
d1yd9a1  
3vbhD0  
3osjA0  
d2iuga1  
3l4qC0  
1CFB-A
2PQ8-A
3mwdA0  
2qtsA0  
d3p4ea2  
d1edga_  
1AT0-A  
3dhxA0  
d1w99a2  
d1sqwa2  
3pmrA0  
4jhyA0  
4hlbA0  
3g36A0  
d2f1fb1  
d2c1db_  
4q4w20  
d2a61c_  
1h2sB0  
d1xaka_  
3tekA0  
d2deka_  
4clqA0  
d1lsha2  
d3f81a_  
d4n5sa1  
2BEM-A
3fm2A0  
d2xiub_  
d1okta2  
d2fgza2  
d2vwra_  
1G12-A  
d1k0ra4  
2yzjA0  
d2fefa1  
3hj7A0  
d2spca_  
d2wnha1  
1UEK-A
4bhqA0  
d3f1pa1  
3tj8A0  
d1ebta_  
d1hxrb_  
2isbA0  
d2v33a_  
d3zq5a2  
2AMH-A
d3rloa1  
4zhbA0  
4k6lG0  
d4gnia2  
2odiA0  
d4a20a_  
d1fqta_  
4b6xA0  
d1dxya1  
d3od3a3  
2idoB0  
4htiA0  
3fuyA0  
d2fuka1  
4wj1A0  
1BXE-A  
3dnxA0  
1L8R-A
3HT1-A
d4c9za1  
d3ucxa_  
2ODA-A
3no4A0  
2J9W-A
d4mpob_  
d4nhda2  
d4hr3a1  
d3o0gd_  
4qndA0  
4lj0A0  
3p4gA0  
4u65A0  
3cx5F0  
3klqA0  
3zzoA0  
1J9B-A  
d4ikga_  
1GZC-A
4ru0A0  
d3pc6a1  
4iwbA0  
d4odja2  
4ccsA0  
d4gwia_  
d4an1a2  
1fn9A0  
4bwcA0  
d1ryp2_  
d2rh3a1  
d2ci8a1  
2d16A0  
d1yq2a1  
d3ip5a1  
4at7A0  
4ytbA0  
d4ni2b_  
3L4H-A
1BYF-A
3qqzA0  
d2b7cb_  
d1zm8a_  
d2f2ha3  
4ikvA0  
3M7A-A
3gwlA0  
d3pdua1  
d3bvef1  
1xv5A0  
2cxhA0  
2hujA0  
d5ai0a1  
d4cq1a2  
2xgfA0  
d3fvtf_  
d1vi6a_  
1MXI-A
3pc7A0  
1GVJ-A
d3qorc1  
d3s3za1  
3bwuD0  
4g92C0  
3tq6A0  
4odjA0  
d4ktya1  
d1zdna1  
4jg4A0  
1CDW-A  
d3cx5b1  
1KWW-A
1vmgA0  
3gxhA0  
3jvoA0  
d1pgva_  
2qpvA0  
4ou6A0  
d3njxa3  
3fgvA0  
1H7E-A
d4q0ka_  
1n81A0  
d4u82a_  
d1o7va_  
d5aena2  
2QED-A
d4kcdb_  
3deeA0  
d1sa3a_  
4xa7A0  
4z8nA0  
d4qbna_  
d4as4a_  
3no7A0  
d3o3la_  
3FH1-A
1osyA0  
2gf3A0  
3dcmX0  
3pu9A0  
d2vo9a1  
3dxrB0  
d3baia1  
2fjrA0  
1TVN-A
d4ko8a2  
d4bfla2  
3IT4-A
d1ekjg_  
d3d78a_  
d1y4wa1  
d1qgia_  
4hquA0  
2hy7A0  
3oseA0  
3w36A0  
4ay9A0  
d2rj2a1  
d2a9sa1  
d2d8la_  
d1roaa_  
3b7hA0  
d3t8yb_  
1SFP-A  
d1f00i3  
d1t3ta4  
4gqmA0  
d4fx6n_  
d1gpua2  
d3hola1  
d4j07a_  
d3og2a3  
d2p7ua_  
d4ke8c_  
1QT9-A  
d4j2fa2  
d1hn0a1  
d4xfwa_  
2d0oB0  
d1maia_  
d3acfa_  
2yevC0  
5budA0  
2f6mB0  
4km6A0  
4haeA0  
2hx0A0  
5fmmA0  
4rb5C0  
1vjxA0  
3fblA0  
d2civa2  
3PRN-A
d2eiea3  
d1gted2  
d1cjdb2  
1kzqA0  
4qcjA0  
4a94C0  
2phpA0  
d4ijna2  
d1ayea2  
3kk4A0  
1BTE-A  
d4jb0a1  
5by8B0  
4dk2A0  
1BVQ-A  
2vqgA0  
3KUV-A
1KNQ-A
2r1jL0  
2pkhA0  
1OQ1-A
3p0kA0  
d1gqyb3  
d3erta_  
d1k8wa5  
4rb5E0  
2zopA0  
d4dwoa_  
d3d9ib1  
2oo2A0  
2PVB-A  
d4au1a_  
1QTW-A
3x2mA0  
d1eexg_  
4lflB0  
4mzvA0  
1d9cA0  
d4ed9a_  
d1ja9a_  
d3nv0b_  
d5fiua2  
3u2bC0  
2yxhA0  
d3gara_  
1dvkA0  
3kmaA0  
d3ef2a1  
4wy4A0  
d1ayla2  
d1g8la1  
d3apsa_  
d2ea0a3  
d4hi7b1  
2ddzA0  
d3iija1  
d2icxa1  
1y2iA0  
4psfA0  
2x9kA0  
d3a3ua_  
1ed1A0  
d1nlna_  
d3zq5a1  
3v9rA0  
1LG7-A
d2yhsa1  
4n6cA0  
3oziA0  
d1gtta1  
d1t0tv_  
3u7qA0  
4yhvA0  
1ln1A0  
d3b0ga2  
d2pqma1  
1cseI0  
1in0A0  
2pbqA0  
4byzA0  
1CI4-A
d1ukua_  
d2fq6b_  
3BXO-A
1k0iA0  
d3dera2  
4lqxA0  
1IWL-A
2FBO-A
2VPA-A
1nh1A0  
d4f0hb_  
d1e3oc2  
3tl8B0  
3vsjB0  
4hd1A0  
d2dy1a1  
3kdwA0  
d1igqa_  
1td6A0  
d2d0wa_  
d4amla1  
2wh7A0  
d4zzxb2  
d2w79a_  
3txsA0  
3cx5B0  
2CKX-A
3b0dB0  
d4ld8a1  
d3mzda2  
3MN2-A
d2d3ma2  
4wlrB0  
d2jiwa1  
1mbyA0  
d1a3ac_  
d2f99d2  
d4r9oc_  
1E6B-A  
4j2cA0  
d2g8ja_  
d1nkra2  
d1yqea1  
d1m4da_  
d1wcwa1  
d2wmfa2  
1b3tA0  
d2ar1a1  
d1ewfa2  
d4b0ba_  
4uw9A0  
1b35B0  
d1z45a1  
3u97A0  
1H32-A
1RC9-A
2ei9A0  
3l39A0  
d3lvzb_  
3sojA0  
2XDG-A
3o3mB0  
1i8nA0  
3g80A0  
1A1X-A  
d1jfla1  
d1t6sa2  
3c6fA0  
d5bt9c1  
d1vmaa2  
d3rmua1  
3qauA0  
d1xg5c1  
3zzhA0  
3i41A0  
1XX1-A
2v7qH0  
d4dama1  
2fsqA0  
4hsqA0  
d1kbla3  
d1g3pa2  
3k3kA0  
2JH1-A
d1ys6a1  
3nvnB0  
d2vfra2  
4nu3A0  
5cj1A0  
1F1E-A  
1EQO-A  
1H6H-A  
d1seia_  
d3iava2  
4extA0  
4amuA0  
4dwrA0  
2QMQ-A
1yb0A0  
3f1iS0  
d2ntta1  
2F46-A
d4ddja_  
d1f0lb3  
3IRB-A
d3q2ea_  
4ysxC0  
3bp3A0  
3pvtA0  
d1t3ta3  
d3n2na1  
d1t3qb1  
1KF3-A  
3zfiA0  
4ljoA0  
3gldA0  
d1t3ta7  
4z04A0  
3h8tA0  
d1foba_  
4dnyA0  
d3b0ga3  
d2gmya1  
d1rypk_  
1DLW-A  
3nctA0  
2ia7A0  
3mcsA0  
5c4yA0  
d3d3za_  
d4guxd_  
3f7cA0  
d1s5ue1  
d1jm1a_  
2d00A0  
d1bw9a2  
1MAZ-A  
2I4S-A
3p06A0  
3wjtA0  
d1ozna_  
3mc3A0  
1CTQ-A  
d3pdqa_  
d2v1oa_  
1am9A0  
d3vpga1  
2wb6A0  
1QOP-A
d4dm6a1  
2gh0A0  
d3djja2  
d3og2a1  
d2rl3b_  
4d53A0  
3M4R-A
3mjfA0  
4wx0A0  
d2dsna_  
4dveA0  
d1m6za2  
3w61A0  
2hl7A0  
d4jyka2  
2pfxA0  
d1s8na_  
3pnlB0  
d3a04a_  
1HGV-A  
d2vpnb_  
d1c9ya1  
3klyA0  
4qysA0  
2FD6-A
d3zvia2  
3ek6A0  
d1mqpa2  
1D06-A  
d3gw3a_  
4oi3A0  
1BE9-A  
4levA0  
4j2nA0  
4x86A0  
d1v5fa3  
3fprA0  
1cl8A0  
d1cqxa1  
2ymvA0  
d3jtcb_  
d1orsc1  
d3tk0a1  
d1yxya1  
3hnwA0  
1HA1-A  
3wx4A0  
4q5eA0  
d3e96b_  
d1qfta_  
1u84A0  
3zleA0  
2ffgA0  
d2pu9b_  
2i4lA0  
d3kzoa1  
2rh0A0  
4wxaA0  
1OPD-A  
2nsaA0  
3lqnA0  
2B82-A
d1s66l_  
d5aiba2  
1wu7A0  
d3repa_  
d4u3sb1  
2CUA-A
5dmpA0  
4wyhA0  
d1b11a_  
1EVX-A
3mhsC0  
2ymaA0  
d1zd0a1  
4il7A0  
2qebA0  
d1vmba_  
4fvgA0  
4z80A0  
1IQQ-A  
d2pv1a_  
d3sh4a_  
d2a9ia_  
4fh0A0  
1hi9A0  
3nt8A0  
4gxtA0  
1EKR-A  
1u07A0  
2ox6A0  
4r9iA0  
d1fpoa2  
4i3mA0  
d2qwob_  
4rplB0  
d4nsyb_  
2bm5A0  
1BFG-A  
1to6A0  
3nrwA0  
2fqmA0  
d1thfd_  
d351ca_  
d4ijha1  
4l3nA0  
3w0eA0  
4ljrA0  
4rleA0  
d4xkba2  
2owyA0  
2oxlA0  
3e8tA0  
4q9vA0  
3h31A0  
2qltA0  
d3djja3  
d3a4ia2  
d1ejja1  
2PBC-A
d3bkra_  
d3epra1  
d1ga1a_  
2GKE-A
d2co3b_  
3emiA0  
4xrtA0  
d1eura_  
d2b7kb_  
d1qmga1  
3nufA0  
1K0M-A
2WEW-A
4joxA0  
d1zl0a2  
d1gn0a_  
3s99A0  
3on1A0  
d2saka_  
1u7lA0  
d1duna_  
4yaaA0  
1khxA0  
1LUA-A
2PDR-A
d2b97a_  
3e5zA0  
2j3wA0  
d1akoa_  
1u0sA0  
4g2sA0  
1lkiA0  
2cwrA0  
3CQB-A
2PRV-A
1N71-A
d2bbaa1  
d3b4xa_  
1EZG-A  
3jv1A0  
3o72A0  
4d5bA0  
4nzrM0  
d3crza1  
d3kt9a_  
4k84A0  
d4h03a1  
2hinA0  
3lxrF0  
2O1Q-A
1ywmA0  
d2hxsa1  
2FDN-A  
2b8iA0  
d3bepa1  
d4izcb_  
d3adxa_  
d1qa7b_  
d4y1ea1  
d1vsra_  
d2or7b1  
2aegA0  
d3hjha1  
3H93-A
1hfeS0  
3kh5A0  
d1ugia_  
4wziA0  
1R45-A
2fztA0  
1HO1-A
d1gpja3  
2Q0O-A
3qr7A0  
d3fpka2  
d1eeha1  
4qq0A0  
2pofA0  
3mfbA0  
1NEU-A  
2y8nB0  
3lx3A0  
d1kbla1  
2pd1A0  
d1g1sa1  
d1uw4a_  
3e56A0  
3uq8A0  
d3f1la_  
d1r4xa2  
4dt5A0  
3fo5A0  
4p78C0  
1kjnA0  
d3lfja1  
1or7C0  
d1c7sa4  
d3cwvb2  
d3vlna1  
5dmuA0  
1tupC0  
1BB9-A  
d2giba1  
3nzzA0  
4cguB0  
4zheA0  
d2ibla_  
d1su2a_  
3oy2A0  
d3oc2a1  
2a6cA0  
d4al9a_  
4xaqA0  
d4jcna_  
d4le5a3  
1aocA0  
1EN2-A  
d4p5ma1  
1efuD0  
3qbgA0  
d3bgia_  
1ucsA0  
1xqoA0  
d3dssb_  
1PY9-A
d2v9tb_  
4z8tB0  
3fzxA0  
3p42A0  
2acvA0  
d4eu3a2  
4jwjA0  
2OEZ-A
d4c7da2  
d3d5ja1  
1pqhA0  
d2ixda_  
4ocvA0  
4aqrD0  
d3i2ha1  
d1clca2  
1FL0-A  
1knyA0  
1pjuA0  
d1m0sa2  
4gofA0  
d1rypj_  
1lxjA0  
3wu2E0  
2QZQ-A
d1xppa_  
3CH0-A
4c9rB0  
d3n79a1  
d3ru4b_  
3lo3A0  
d1wmha_  
d4mlva2  
d2dm9a1  
d3f0oa1  
1BYR-A  
2v8qA0  
d2fr0a2  
2h7gX0  
d2nzwc_  
d1ekxa2  
4k12B0  
d1szod_  
d2asba1  
2yh9A0  
d4s1ha1  
1xe0A0  
d1tiba_  
d2wota_  
1VP6-A
3wscA0  
3ip4C0  
4mt8A0  
2C9W-A
3k11A0  
3rlfG0  
d2r84a1  
1hy5A0  
1EP0-A  
d4jrrc_  
d1oaaa_  
5aq5A0  
d2pa6a1  
1wq6A0  
3mvaO0  
1ywfA0  
5h8aA0  
1w8iA0  
4tshA0  
d4co9a_  
d1kx5c_  
d1ynpb1  
3GIU-A
3t6aA0  
3edvA0  
3mqzA0  
3ihmA0  
1lgpA0  
4l9hA0  
d3lpwa1  
2edmA0  
d2p5ma_  
2HC1-A
d1nkpb_  
d1z6na1  
d4efia1  
1WD5-A
2p97A0  
d1pbya2  
1ztcA0  
4peiA0  
3vbcA0  
1GV8-A
d1gqia2  
3gdwA0  
3n3yA0  
d2g3ta_  
d3claa_  
d1ah7a_  
d3qnsa_  
2fiuA0  
d5a5na1  
d2zzva_  
d2yxma1  
4heoA0  
1nrwA0  
2B8M-A
d4hvya_  
d3bwuc2  
3jyzA0  
3bm7A0  
d3ugja7  
d2wb0x1  
d1qnxa_  
d1oz9a_  
d2cxka1  
d1xzoa1  
4uzzA0  
d2gepa1  
2o3gA0  
d1i9ga_  
d1fc9a3  
3c4rA0  
1IFG-A  
d2gtra_  
3r4qA0  
4o7kA0  
2ivyA0  
d4jcma1  
2fp3A0  
d1zcza1  
3lczA0  
2d4xA0  
d2vzsa4  
3onhA0  
d3v4xa1  
1vqoM0  
d4doia_  
2r6uA0  
1I60-A
d2odpa1  
4mi8A0  
d2fkmx3  
d1i0lb_  
2bvfA0  
3LVU-A
d1xtea_  
d2e77b_  
3x0uA0  
3nyyA0  
d1eerb1  
d2je8a2  
3a1fA0  
2ae0X0  
d1w66a1  
4eneA0  
3C9I-A
d1deoa_  
3uk3C0  
2b4hA0  
d2c03a1  
3tbnA0  
1ANU-A  
d4ub6z_  
d1hpua2  
1z0jB0  
d3iara1  
4torA0  
d1xjva2  
d1jdca2  
4k7bA0  
4f6uB0  
1vjqA0  
4dkcA0  
d2pf5d_  
1C7C-A
1BDO-A  
d1ec8a2  
d3dnfb_  
2zrrA0  
1EEJ-A
1vqoE0  
3ipjA0  
3jz0A0  
d2am3a_  
2q3tA0  
3e1iB0  
2HRV-A
1LNI-A
2opeA0  
3DEW-A
4rc8A0  
d3t7ma1  
2R01-A
4g6tA0  
d3h7ia1  
1k4zA0  
3uebA0  
1FMB-A  
d2i0qa3  
d4udgb_  
d1ydya_  
1RA9-A  
d4a6va1  
4c69X0  
4rctA0  
d2vk1a2  
4njlA0  
4obmA0  
3rmiA0  
d2cz4a1  
4dhxB0  
d3bofa2  
d2j7za_  
1hwtC0  
3rfiA0  
1F5V-A
3FCX-A
1QQF-A
3zbdA0  
3f1iH0  
1TUL-A  
3isqA0  
d1yona1  
1hbnB0  
2z7eA0  
d2ik0b_  
1IA9-A
3wu2H0  
d2rdia1  
4nt1A0  
d2wmfa1  
d1upqa_  
1E7L-A
1ddzA0  
d1kx5a_  
d1z0ma1  
d4pk9a_  
1hcuA0  
1QDD-A  
4z6mA0  
d1zxxa_  
4zbwA0  
3o10A0  
2ic6A0  
3lvyA0  
d5dzsb2  
3utkA0  
2ARC-A
d4eq9a_  
3im3A0  
d2og0b_  
d4kgia1  
2qasA0  
1scjB0  
d2bwxa2  
d2cuza2  
3fdeA0  
d1bg6a2  
4pwqA0  
3t6pA0  
d1gtea3  
3ndqA0  
4jf3A0  
d2fo3a1  
d4qaga_  
d1q25a1  
2qziA0  
d3b7ga_  
1RGP-A  
2iayA0  
d2deia2  
d1nzea_  
1j5uA0  
d2fjwa_  
2fu2A0  
d1ca1a2  
4jpkA0  
3DR9-A
d1st0a2  
d2jlpd_  
1FAS-A  
1AWQ-A  
3d4eA0  
2r4fA0  
d2bera1  
3pf0A0  
d4ra2a1  
2qb7A0  
4feiA0  
1oa8A0  
4fc5A0  
5elkA0  
d1wmhb_  
2QE6-A
d1h9ja1  
3dsoA0  
d4kx4a2  
d2b4gb_  
d4blwa_  
3sovA0  
1CZQ-A  
2bsjA0  
d4gcia2  
2gt1A0  
d2dcta1  
2qqyA0  
4ftfA0  
d4gisa1  
3pm9A0  
d1zoia_  
1h21A0  
3h3iA0  
3cjlA0  
d3b9ca_  
3ndzE0  
d1fnla2  
d1ty0a2  
3zbgA0  
1I0V-A  
3vgzA0  
d1iv8a1  
d1t15a2  
2E12-A
2rbbA0  
1hr6A0  
d2gbpa_  
2q73A0  
d1w8za_  
d4dqqd1  
1f94A0  
1qw2A0  
d3hg3a2  
d1jo0a_  
d2yw2a2  
d2ah2a2  
1wdeA0  
d2e8ba_  
2QSK-A
d5e0ia1  
d3phsa2  
d1vj2a_  
d1ryp1_  
1B9D-A  
2NS9-A
d4ktya3  
4i6oA0  
d3lqsa_  
d2hq8b_  
2VH3-A
d4nbia_  
2ARZ-A
d1kv9a1  
1ALY-A
4ke2A0  
d1ekfa_  
2a06H0  
1vr9A0  
d3zywb1  
5fd9A0  
d2aena_  
d2pw0b1  
1lfpA0  
3k44A0  
d5e8eb2  
d2pu9a_  
2zc2A0  
2otmA0  
3fymA0  
d2w2ba_  
d2c9wa2  
d3p8ta_  
d1afb11  
d2d5ba2  
d1yoaa1  
4n0tA0  
d3w5ha1  
3oufA0  
3wo6A0  
1mpgA0  
4px8A0  
d1bgpa_  
d1v30a1  
3dsdA0  
d1fwxa1  
d1qhva_  
1C8U-A
d2grnb1  
d4l07a_  
d2gged1  
2P35-A
4hwmA0  
2qndA0  
d2v6ka2  
1RHF-A
d1pn0a2  
2QJV-A
1KT6-A
d3e2ta_  
d1qhda2  
2f9hA0  
2vfrA0  
2YYO-A
d1jdwa_  
d1j2aa_  
d2c0ga2  
1H4A-A
2rdcA0  
1J8R-A  
d1coja1  
d3mwfa_  
1pv5A0  
4bk0A0  
5do6A0  
d3isqa1  
2RTA-A  
d1wlua_  
2czsA0  
2pbdP0  
1fxkC0  
1JBE-A  
1em2A0  
d1iu1b_  
1JY8-A  
d1euva1  
d1exta2  
1BL0-A  
1zw0A0  
d1ogda_  
3B2Y-A
d1a40a_  
4uafE0  
3teqA0  
3df6A0  
4e1pA0  
3lqvA0  
d1upsa2  
2PSP-A  
d2bt6a2  
4qjvB0  
2ox7A0  
d1qr0a1  
d2gj3a_  
d2chla_  
4wwfA0  
3hj9A0  
d2vn6b_  
d4i6ua_  
d1gxya_  
d2vozb_  
d1u0ka2  
3ib7A0  
d1hypa_  
d1m3qa1  
d2wvbb1  
d4e01a1  
d3lida2  
3skqA0  
d3lxya_  
d1g87b2  
d1ryaa_  
d1g8fa3  
d2fkmx2  
1DF4-A  
1BEA-A  
d1kdga2  
d1noxa_  
1utyA0  
d1n67a2  
1rcwA0  
d1cs6a3  
d1uypa2  
d3qdsa_  
1HRU-A
d2v8ta_  
1n2mC0  
d4luka_  
4woyA0  
d1enfa1  
2GEN-A
d4mu4a2  
d3gxia2  
1l8wA0  
1f3vA0  
5ed9A0  
d4is0a2  
4g6xA0  
2ot3A0  
d1zkea1  
d2wefa_  
3n5bB0  
1DNL-A  
1v1hA0  
1GSM-A
1CDY-A  
d1wvec_  
d3njxa1  
3h87A0  
d3tgva1  
1FX2-A
1B71-A  
3i4zA0  
2GAU-A
5cozA0  
1oruA0  
3h3mA0  
d4fkea2  
4e8bA0  
4ic9A0  
1DG9-A  
d3wx5a_  
d4uypa1  
d3kh7a1  
4zmkA0  
1H75-A  
d4bb3a_  
d2jiwa3  
1sz7A0  
3o59X0  
3k3sA0  
2J7Q-A
d3c2ua1  
d1qneb1  
d2je8b4  
d4wpga1  
d1mr8a_  
3gmgA0  
d1gdia_  
d1f00i1  
3LLC-A
1gl4A0  
d1utea_  
1r12A0  
1HLV-A  
d1gpja2  
d1cjca1  
3KM5-A
4watA0  
d3f46a2  
4r24B0  
d1uoya_  
1CYX-A  
4ng2E0  
d2guya1  
1vgjA0  
d1f20a2  
2QV6-A
2ou3A0  
1B8K-A  
4yhcA0  
3istA0  
d3nela2  
d1fsjb_  
d3soub_  
d1pl8a2  
3h7hB0  
4rs7B0  
2G8O-A
1SUR-A
2axyA0  
d1y9wa1  
1TKE-A
d4gwga1  
2x5hA0  
5bxgA0  
d4dxfa1  
d1gp6a_  
d1tuva_  
3cptA0  
d4ruva_  
4ndsA0  
d3d7aa_  
4mu6A0  
3uunA0  
d3g20b_  
3dwoX0  
3l1nA0  
d3pftb_  
d2izzc2  
3p2cA0  
d4b9oa_  
1RIE-A  
d2v76b_  
2ENG-A
1O7Q-A
3ub6A0  
d2iq7a_  
2cwqA0  
d3gona1  
d4q6fa_  
1QCZ-A  
d2i0qa1  
d4ggra_  
d1p0za1  
d3bpwa1  
1RL6-A  
3ei3B0  
d2gz1a2  
d1m0zb_  
d3kkwa1  
1EGP-A  
d4a5sa2  
d2fhba3  
d2nspa_  
3e9vA0  
d1ze3h_  
d2chca1  
1p35A0  
4u9bA0  
d1vcla3  
2qzgA0  
d2zgya1  
d4g55a1  
3lmfA0  
4bjjA0  
d4gaxa1  
2GNP-A
2z5wA0  
d4r9lb1  
3h16A0  
d4a66a2  
3cvjA0  
1t61A0  
d1e7la2  
3DI4-A
2db7A0  
d1fj2a1  
1B56-A  
2eq5A0  
2cklA0  
3BK5-A
4esuA0  
d3ejxa2  
1w98B0  
d4i2aa1  
d1g0sb_  
1BYI-A
2x5rA0  
3BCW-A
4o9lA0  
d2wcua_  
1GMI-A  
d1uw1a_  
d1f0la1  
d2bhua2  
1fiuA0  
d1fr3a_  
4v2oA0  
d3b8za_  
3dgpB0  
1H97-A
2qywA0  
2ffmA0  
d5afwa1  
1t6aA0  
2ahmA0  
3lnoA0  
d1m55a_  
d3vpqa2  
d3qfma_  
4hp3C0  
d1guia_  
1m1hA0  
d3fapb_  
d1jr8a_  
2yh5A0  
1DQG-A  
1lslA0  
d1nvmb2  
d3bova_  
d1sr8a_  
3wv7A0  
4rgpA0  
3zvkA0  
2okmA0  
3sngA0  
d1dila_  
d3gona2  
d3gg7a1  
d2a7na_  
d3dxsx_  
4pqzA0  
1sj7A0  
1VIE-A  
3v0rA0  
3sd4A0  
d1k66a1  
d4pt1a_  
4ysxD0  
3IX3-A
3LR1-A
3gm5A0  
4fa8E0  
1IAM-A  
d4yl8a1  
2JFR-A
d4m98a_  
2DDF-A
4mb7A0  
1C8C-A  
3M0Z-A
d1deua_  
d1ih8a_  
d3cx5i_  
4ae4A0  
d1nqjb_  
1vybA0  
2HFT-A
d1eeja1  
2eceA0  
d1fsga1  
d3h7ia2  
3fhvA0  
d2bcgg3  
2h1eA0  
d1k2yx1  
d2r0ha_  
d1u7ba1  
1QB0-A  
3t2cA0  
3VUB-A  
1jogA0  
1UI0-A
d4jdfa_  
4cdbA0  
1BQU-A
2z7fI0  
2d1lA0  
1CPQ-A  
d3hiha2  
1H6W-A  
3f3bA0  
1A32-A  
1GVF-A
2qpwA0  
d4eb2b1  
d3sf6a2  
d1ru4a_  
1AOL-A
2wt7B0  
2OAF-A
4mf9A0  
1NEP-A
2qycA0  
2bbeA0  
1WBA-A  
d2acfd2  
1vimA0  
3l2bA0  
d1wd3a2  
d3a4ua_  
3hshA0  
1RLJ-A
1CX0-A  
3vivA0  
2OFK-A
3HLX-A
d3khfb1  
d4r6ha_  
3pwxA0  
d1vlja1  
3fy6A0  
1C7K-A  
d3fuxc_  
1gu9A0  
2z6oA0  
d1b8da_  
4wz0A0  
2j5vA0  
3D30-A
d2o28a_  
3if4A0  
3egnA0  
d1p6ob1  
d1esja1  
d3gipa2  
3v33A0  
4hrzA0  
d3bepa3  
3dd7A0  
d3c8ob_  
d1fxla2  
3wb0A0  
d3uvea_  
1QZM-A
d1eoka_  
2VEB-A
d3b1lx_  
4od6A0  
d3szsb_  
2nz7A0  
d1n9ea3  
1ei7A0  
d4i4ba2  
4a8xA0  
4q6vA0  
d1kqfc_  
d1f08a1  
2yizA0  
3qszA0  
4iz7B0  
3M70-A
d2q88a1  
2B0V-A
3wu2A0  
3d6wA0  
d1ne9a1  
1ZK5-A
2BKR-A
d3qzma1  
1TZP-A
d1ogqa_  
3gz7A0  
d1kwga3  
d4ow1a_  
3mzoA0  
d3btoa2  
1w78A0  
d1mv8b2  
3bv6A0  
4i9oA0  
1GBS-A
4py6A0  
2oaaA0  
d1cl6a_  
d2bv2a_  
3gkjA0  
3ufeA0  
d1ezwa_  
2C3G-A
2z0rA0  
d2ozlb1  
3i57A0  
3vh5A0  
d1mixa2  
d1oz2a1  
d1egwb_  
3m03A0  
d1gtea1  
4d40A0  
2hlqA0  
2ynqA0  
1YX1-A
1DQZ-A
1CUN-A
2NNU-A
3hwpA0  
3lrtA0  
d4j9zb1  
1JZG-A  
3t7aA0  
d1hn0a3  
4rrqA0  
3wmqA0  
d1npya2  
4n8nA0  
2ZNR-A
d4ko8a3  
4ladB0  
2giaB0  
d1abaa_  
d1o5ua_  
2F69-A
d1ucrb_  
4puxA0  
d3m4na2  
d2fcwb1  
1K95-A  
2bayA0  
d1yaca_  
d1eaja_  
d1olla1  
2gbbA0  
d1cqxa3  
1ka1A0  
5a0nA0  
d1j5pa3  
d3t8ja_  
2o2xA0  
d1skza2  
d3es7a2  
2zvyA0  
1I5G-A  
2zdjA0  
d4wiqa2  
3nceA0  
4rpmA0  
1CEI-A  
4cnkA0  
d2f1ka1  
4fz4A0  
1L6W-A
1zjcA0  
d4uo0a_  
d3ag2h_  
4u5rA0  
d4lrua1  
d1q3la_  
d1n1ea1  
3bc1B0  
3jr1A0  
d2xkra_  
d2bnma2  
d2fr5a_  
d2g64a1  
2vvwA0  
3axjA0  
3vtoA0  
d1hfel2  
2O2G-A
2BOG-A
d1qzra2  
1BV1-A  
3nz3A0  
d1gzwb_  
2P0N-A
2b4jC0  
2gruA0  
d1pj5a4  
4elnA0  
4okzA0  
3L52-A
d1kq1h_  
d1r1tb_  
d4jhca_  
1NXB-A  
4h3wA0  
4tpsA0  
d3k67a_  
d4uj0a_  
d3p1pa1  
3qwgA0  
1Q8D-A
d4zevb_  
1Y9Q-A
d2ghta_  
5djoA0  
2ciwA0  
4ebjA0  
d1ju2a2  
4lpqA0  
d1mf7a1  
d1lc7a_  
d2biba2  
d4e9qa1  
1XG0-A
2g45A0  
d1g8fa1  
3CP7-A
1kaeA0  
d1yt3a3  
3wqbB0  
d1cxca_  
5dpoA0  
1I8D-A
d5cvjb2  
3olcX0  
3I94-A
d1gs5a_  
d3b74a1  
d2d37a1  
1XGS-A
d1t8tb1  
3MT0-A
d4ipia1  
4qu6A0  
d2snsa_  
3mlnA0  
4hl9A0  
1YFU-A
4u9nA0  
d3bomb_  
d3b0ga4  
1G6X-A  
d1u8va2  
2q6qA0  
3s9xA0  
d1aq6a_  
2qhqA0  
d2ck3a1  
d1s2oa1  
1y8qA0  
d1i58a_  
1NFP-A
3tu3A0  
3ijmA0  
3zk9A0  
d1sbpa_  
2ip6A0  
d3og2a4  
1cfzA0  
d2y2bb_  
d1e2fa_  
3hxaA0  
d2dy1a2  
d1lj9a_  
3n9uC0  
d1jhfa1  
d5f4ca_  
1mkfA0  
2BJ0-A
3mcbA0  
3b1bA0  
d4w4kc_  
3uenA0  
1xkpB0  
d5cpga_  
d4bv6a2  
2azeA0  
4x8eA0  
d1oxja2  
d1ly2a2  
d4q5ec1  
d2r25b_  
4muqA0  
2bykA0  
d3vk0a_  
2ejxA0  
d1ssqd_  
d2okqa1  
1UVQ-A
3zdkA0  
d1y1pa1  
3ag3E0  
2j43A0  
1vraB0  
4alyA0  
4yh8A0  
4wl2A0  
2PHN-A
d5a5wa_  
d3cyia1  
2ED6-A
2o38A0  
d4hrrb_  
4gizC0  
1tafA0  
1cxzB0  
d5c86a2  
1dzfA0  
d1rh9a1  
3e0zA0  
d2haza1  
1QST-A  
3ermA0  
1jb0L0  
4lmoA0  
d3kb9a_  
d1ygea2  
1R5L-A
d2ixva2  
d2cjsb2  
2A8N-A
1KS9-A
4b9gA0  
d4htga1  
3ag3F0  
3ffvA0  
d4akoa3  
d2olra1  
1KJW-A
4m5bA0  
2p64A0  
d1wmda2  
1SBY-A
d2id4a1  
d1v7lb_  
4u4pA0  
d2yhfa_  
3EXN-A
1zeeA0  
d1cxya_  
d1b9ka2  
4hc9A0  
1gsaA0  
4cgsA0  
1DVO-A  
3zigA0  
d4ko8a1  
1G2O-A
3h6pA0  
2ZHN-A
3di5A0  
2x5cA0  
d2xhfa1  
3vr0A0  
2xetA0  
d3ea1a_  
d4nzza_  
d2o62a2  
1x9iA0  
d3rn4a1  
d1zb1a_  
2ohcA0  
5h9cA0  
d4fosa1  
4kypA0  
d3kcpb_  
d1rlma_  
d1u58a1  
1dq3A0  
d1bs9a_  
d2wbma3  
3DMC-A
3pa8A0  
d3dd6a2  
4fbcA0  
2vkjA0  
1ZHV-A
d1nu5a1  
d4flba_  
d4jp6a_  
4bjtA0  
4csbA0  
d2f2ha4  
d4q1ha1  
d3wvta1  
1N57-A
4chgA0  
4c7aA0  
d2jiga_  
d2wi8a1  
1BM8-A  
1DYV-A  
d5do8a2  
4avmA0  
d1mdca_  
3vpbA0  
4nv0A0  
2yf4A0  
1WVH-A
3itwA0  
d1cnza_  
d2f5va2  
3fldA0  
d2c9ha2  
d3e5ua2  
d1jyha_  
d4xb5a2  
2nx2A0  
1AQZ-A
2p14A0  
d2vzsa2  
3hynA0  
3e8oA0  
3o6qA0  
d3eiza1  
2qsaA0  
d3prod1  
4c12A0  
4xwjA0  
d1wk9a_  
d1h2ea_  
1YCQ-A  
d1v2za1  
d1v5va1  
2gomA0  
d2e11a_  
2STD-A  
4c47A0  
2QJW-A
d3njeb_  
4pedA0  
1ATG-A
d3jx7a1  
d1woqa2  
d3idva1  
1TE5-A
4i16A0  
1sedA0  
2eenA0  
3B5E-A
3bczA0  
d2hqtt_  
3ej9A0  
1m8nA0  
d1m0wa1  
d3ppga1  
d1pkha_  
2yvsA0  
d3vavh_  
1QHX-A  
d1yoca1  
d1tzwa_  
3k29A0  
5c8gA0  
3cebA0  
1jb0D0  
d3i6ea2  
1MJU-A
2fi9A0  
1em9A0  
1tjlA0  
d4tx7a_  
d2guia_  
3hkvA0  
d3d9ya_  
d1pgsa2  
1vqoU0  
3aj1A0  
3on9A0  
2FIP-A
1A8L-A
2BUR-A
4j42A0  
1vqoW0  
d1xiwa_  
d1q1ra3  
2y1bA0  
3tvqA0  
3gxvA0  
d4fqib1  
d1gsma2  
3ghfA0  
4rb5P0  
1CTF-A  
1GY7-A
d4pd0a1  
3ag3D0  
d1h5ba_  
3vz9D0  
4o8yB0  
3qd7X0  
1B24-A  
d4eada2  
d1vbka2  
4czxA0  
d3zn2a_  
4zboA0  
d1jkua_  
d3u1ca1  
d4fzoa1  
3w8hB0  
3pf7A0  
d1krha2  
d4tx4a_  
1dm9A0  
d1sy7a1  
d2h88b2  
1t4wA0  
d1eyza2  
2a9uA0  
d1ypqb_  
d1wuba_  
1JCV-A  
3oruA0  
d1xkfb3  
3C8E-A
d2iysa_  
d1tu1a1  
d4gzba_  
1xpjA0  
3iu6A0  
d2d4pa1  
4l9pB0  
3pywA0  
3no2A0  
d1pbya1  
d3f5oa_  
3c9aA0  
1VI9-A
4fz2A0  
d2ez8a1  
2OZE-A
d2e86b2  
d4k44b1  
4zv0B0  
1JMK-A
3salA0  
2ghvC0  
d2gu3a1  
4rb5J0  
d2a10b_  
d4jzqa2  
d3f6qa_  
3r15A0  
d2vzsa5  
d1tp6a_  
3pqhA0  
3a1dA0  
d1ayoa_  
d4zdsa1  
d2z3qb1  
d3iwta_  
2rd9A0  
d4ef6a_  
1nfvA0  
d1p4ka_  
3BDV-A
d1mk4a1  
1PLC-A  
4ftdA0  
d1epwa1  
4rb640  
1d2pA0  
d1vmfa1  
3aqeA0  
2OWP-A
d4mu0a1  
d1uw4b_  
3L1W-A
d3us3a3  
d4bhxb1  
4omfA0  
d1wf3a1  
1xfkA0  
1nnwA0  
d4kx4a1  
1tz0A0  
d2wnya_  
d2aaga_  
4ayaA0  
1GMM-A  
d2cg6a2  
2ca5A0  
1wteA0  
d3osga2  
2f6mA0  
d1a34a_  
d1e3oc1  
1A7D-A  
2gboA0  
4ph8A0  
5a6wC0  
1o22A0  
3vz9B0  
3ip4B0  
1fpzA0  
d3b5nb_  
d4gsxb2  
3vdoB0  
1XVW-A
d4zuma_  
2p3hA0  
2gwdA0  
d2xy2a2  
d1xova2  
d1z01a1  
d1oo0a_  
d3lh4a_  
d2evra1  
d1lb6a_  
3KRA-A
2g7cA0  
3ajiB0  
3bmzA0  
d1josa_  
d4a46a_  
d2zoda2  
4zgmA0  
1I4U-A
d2fcra_  
1yarA0  
1MK0-A
d2gqwa3  
d2fi1a1  
d1v97a3  
d2hqxa1  
2IFR-A
d1x1oa1  
2PYT-A
d3clrd2  
d3iosa_  
4lorA0  
d1t5oa1  
5e3iA0  
3s84A0  
d5br4a1  
2czrA0  
1yhmA0  
4hr1A0  
3IXL-A
d1z0sa_  
1JD5-A  
3zqsA0  
1EUW-A  
1jyoE0  
5dncA0  
d3dt7a1  
4g08A0  
d5a1ja1  
1mwqA0  
1lbuA0  
2b1yA0  
1qazA0  
3gqhA0  
3jtpA0  
d3puca1  
2xveA0  
1EE6-A  
1hufA0  
2glzA0  
3cptB0  
d1t3qc1  
1CV8-A  
4gk9A0  
d1mixa1  
d1qsaa2  
2pk8A0  
d3c9fa2  
3b9wA0  
2UWA-A
d2fmme1  
2v4xA0  
1mn3A0  
3my2A0  
1H8U-A
1M70-A
4cs6A0  
d2hoqa_  
4eqaC0  
1vr7A0  
2EB4-A
d1hx1b1  
d2ccya_  
1BEN-B  
3l48A0  
d2wkxa1  
3qyeA0  
d3hssb_  
3b5qA0  
1jx6A0  
d4kema2  
1qqp10  
3c5kA0  
2w0gA0  
3opcA0  
2ZGG-A
d1j34b_  
d3wmda_  
1GPQ-A
4lbhA0  
d1qx4a2  
1KR7-A
3e7mB0  
d3phsa1  
d1lbva_  
d1q5za_  
d4fioa_  
d4czga1  
d1e6wd_  
1gqeA0  
d3aa7b_  
2cyjA0  
d4qhda_  
3htrA0  
3wvaA0  
3bh2A0  
d2jf2a_  
d2civa1  
d2eo4a_  
4k82A0  
1lshB0  
2IN3-A
4ejrA0  
d1yarh_  
d2fq3a1  
d1pfua1  
1PI1-A
1u7kA0  
d3c96a2  
5d16A0  
1NL1-A
d2j8ka1  
4hi0B0  
d3pcva_  
4wkzB0  
2VTW-A
1sqwA0  
3ISR-A
1AGJ-A
d2guya2  
d3wywa2  
d4y0aa_  
d4r6ka_  
d2dy1a5  
d1h2ba2  
d1ud9a2  
3hklA0  
d2f51a1  
d2zcwa2  
d4tvoa2  
3p8cF0  
4mtmA0  
1e0bA0  
3eufA0  
4chdA0  
d3c3ya_  
d1b63a2  
d2bo9b2  
4rocA0  
4uzzB0  
3w0tA0  
1IAB-A  
d3g5ka1  
1mscA0  
d4h2wc1  
4wveA0  
3BFM-A
3f5hA0  
d2c3ma1  
d1ofcx2  
d3k9wa1  
1BTK-A
d4uyba3  
4ebgA0  
4ku0A0  
d2jlqa1  
1NS5-A
d2c31a1  
3i38A0  
5el3A0  
d4gnia1  
d1avac_  
3kptA0  
2X47-A
2fe1A0  
3k17A0  
d2dc3a_  
1gmuA0  
d3pvna_  
d1qqp3_  
3t8kA0  
d1n7sb1  
2bjrA0  
2J32-A
3f42A0  
d1c0ia2  
1j24A0  
3fx7A0  
2wzoA0  
4i0xB0  
3LUM-A
d2fd5a2  
d2bcgg2  
2rjzA0  
d3piwa_  
1eaqA0  
d1fm0d_  
4ct0B0  
2EWH-A
d5aija2  
1pocA0  
4kk7A0  
4ntqA0  
d3cx5d1  
d1lfwa2  
2g5gX0  
2IGI-A
d4q57b1  
d4zqva_  
1YLL-A
d1knma_  
4u60A0  
2QBW-A
5cffE0  
2B4L-A
d1yu0a2  
4ou9A0  
2WNP-A
d4kdda_  
3KKZ-A
d3at2a_  
d4npfx2  
4i1kA0  
3dsmA0  
3uejA0  
1plqA0  
1PYO-A
d4dnxa1  
1nvpD0  
4l57A0  
1y60A0  
d1o7ia_  
d2et1a_  
d4bndb1  
d2oeba1  
d1v77a_  
2z1dA0  
d3jtea1  
3djmA0  
3tr3A0  
d1nvma2  
d1wpaa1  
4f8lA0  
d2bo4a1  
1B5F-A
4u5hA0  
3bn7A0  
4alzA0  
d2mbra1  
d1c02a_  
d4q5qa2  
3bhpA0  
d2z3va_  
d1kl9a1  
d5ehfa2  
d2fsja1  
d3pe6a_  
3hs2A0  
3lzkA0  
1regX0  
d3cjkb1  
d1hlqa_  
d1eb6a_  
d3op8a1  
d2ekec2  
d2b2fa_  
1tlqA0  
d2quda1  
3jtyA0  
1EW4-A  
1xl3C0  
d3afma_  
1BD8-A  
1d02A0  
3u27A0  
d3cbma1  
d2if6a1  
d1ueca2  
d2d4ua1  
d3tkga_  
d4rtia_  
2huhA0  
d2fmpa2  
d4n2fa1  
3ww9A0  
d4edea_  
d1j1bb_  
4p1zA0  
d4z79a_  
2HP7-A
d3jxsa_  
3KSM-A
1KPF-A  
d1ejwa_  
4luqC0  
d2vk4a3  
d3e9tb1  
d1jkmb_  
d1kida_  
1w18A0  
d1rypl_  
1s3lA0  
d2no6a_  
d2q2ha_  
d2fcba1  
3nrlA0  
4p78A0  
d2iu7a2  
2e9xB0  
d4az9b1  
d1t6ka1  
2itbA0  
2fphX0  
3ipfA0  
d2beub2  
d2zzra_  
d3hpyc2  
2yskA0  
4zeyA0  
4i68A0  
d3hv2a_  
d2y69b1  
3gi7A0  
d2hy5a1  
3CX2-A
d1u60a_  
3bf4A0  
d3u95a1  
d1c96a1  
3C70-A
d1jh6a_  
d2a1ia1  
1AD6-A  
4f0qA0  
2HBW-A
d3lf6a_  
d1gy2a_  
d3loja1  
4eytA0  
d3zitb_  
1N12-A
3c3dA0  
d2imta_  
3d2wA0  
1ID0-A  
1PL3-A
3ig9A0  
1u02A0  
2DOK-A
d2agsa1  
d2ebfx3  
1nkzA0  
d2a7ge_  
4acjA0  
d1tr0a_  
d2cchb2  
4o8sA0  
2fhzB0  
4ll7A0  
4wbeA0  
d2c31a2  
4pdcE0  
3EMW-A
4qdgA0  
d2ohwa1  
d1jfub_  
d4pifb1  
2OU5-A
d3r2ha_  
d3rpna_  
d1wyxb_  
d1vqza1  
d2cvea1  
3k5jA0  
2qeuA0  
d1t06a_  
1u5uA0  
4esnA0  
d1kbla2  
4m16A0  
d2zbta_  
4yzuB0  
d2bsya2  
3onjA0  
d4fd9a_  
1AJK-A
d3flga_  
d1cb8a1  
d1jyea_  
2hy5B0  
d4jgna1  
3bjeA0  
1h3oB0  
d1extb1  
d1xcra1  
d1xngb2  
d4po5a1  
d3lpna1  
1dmhA0  
2WTM-A
3PRO-A
d1jnyb2  
4lirA0  
1ygtA0  
d1gwib_  
d4a2ba1  
2QV8-A
2xzeA0  
3gnaA0  
5d9bA0  
d1f60a3  
4phqA0  
2q0oC0  
3wvqA0  
4tt9A0  
3os7A0  
1RIF-A
4jleA0  
1XTP-A
d4kpub_  
d2iw1a_  
3MMH-A
1KCQ-A  
3w42A0  
d1ukza_  
d2goka2  
d3mb8b1  
3L5I-A
d1olma3  
1XE7-A
3dwaA0  
d3wjeb_  
1B2V-A  
2e6xA0  
2w1jA0  
1RLW-A  
5by4A0  
3mtuA0  
d1f5sa_  
d1v8ma_  
5dikA0  
1F21-A  
4gipD0  
d1buoa_  
d1htwa_  
d1t9ha1  
1wlgA0  
4o6yA0  
4lqkB0  
d4ir8b_  
1OUV-A
1z0kB0  
1ecmA0  
1RW1-A
2rbdA0  
3lywA0  
1gotG0  
4ga6A0  
d3rwvb_  
3ruiA0  
d1s18a_  
3fhfA0  
3TSS-A  
d3akma_  
4waiA0  
d3da0a2  
3le4A0  
d4wepb1  
d3ff9a1  
3u3zA0  
d3fkca_  
d3hjha2  
d3abmb2  
3c8lA0  
3r84A0  
d1kdka_  
1xtyA0  
1uptB0  
3qwlA0  
4rhwE0  
d1jb9a1  
d3buwb3  
d2ff4a1  
d3r6ua_  
d4elya_  
3nkzA0  
d3deoa2  
4ri2A0  
3MD1-A
d4mp2a1  
d1r1ma_  
3vy8X0  
1wmiA0  
d4cybj_  
3igmA0  
d5e6za3  
1DZI-A  
3o7bA0  
2a2mA0  
1dcqA0  
d3eg4a_  
d4ggfl_  
d2i9ab1  
d4tx5a1  
2gq0A0  
d2ewba1  
d2q0ia2  
2oltA0  
3bgyA0  
d4ewea_  
d4jvla_  
d2pbid1  
2FHQ-A
4e4wA0  
4xfkA0  
2i5vO0  
d2bs2a3  
4g7xB0  
d3lbeb_  
d1y88a2  
d1gyha_  
d1a8la1  
3clqA0  
1UGP-A
d4oeca_  
d2qfaa_  
1s7zA0  
3bvpA0  
4jj9A0  
d3pdua2  
4o66A0  
d1n7na1  
d1f1ma_  
d1zzma1  
3pn9A0  
4b6dA0  
3e0rA0  
2g80A0  
d4xuoa_  
3w1zA0  
d2ylna_  
3sscA0  
2ixmA0  
d2wcia_  
3cb6A0  
1rj8A0  
d3moya_  
3oq4A0  
3rpcA0  
1C1L-A  
4qtjA0  
d2c2aa1  
3earB0  
4jquB0  
d4r3fa_  
d2nw0a_  
4xb6A0  
d2jeja2  
d2wbma2  
d2agda_  
4xqmA0  
4x86B0  
d1zl0a1  
4ei7A0  
1UOH-A
2ejnA0  
4xhtA0  
d2b0aa1  
d4gekg_  
1B0X-A  
2i39A0  
d1l8bb_  
d2h1ca1  
2cwyA0  
3rbyA0  
2yopA0  
d4n15a_  
d4p6ca_  
d2b56a1  
d4b96a1  
d1oo0b_  
d2iida2  
2y8dA0  
d1ecsa_  
4bt7A0  
4c9sA0  
d3gvoa_  
4osnA0  
4gc1A0  
d3elna_  
3hz7A0  
1TIF-A  
d1w17a_  
1n8vA0  
d1wzcb2  
d2jd4a1  
d2zboa_  
3kg0A0  
2vqpA0  
d1bxta2  
3gygA0  
d3kqia1  
d1txga2  
2wl8A0  
2OPL-A
d4ktyb4  
1EXT-A
2VHK-A
1nw1A0  
3BKX-A
d2p51a_  
d1ibya_  
1JK3-A  
3t6gB0  
4jn3A0  
d1mgqa_  
2h7zB0  
d1hq0a_  
d2p5ya_  
4g9qA0  
d3ddqb1  
3k6tA0  
1WIW-A
1T0F-A
d1eerb2  
d1hbmb1  
2FYG-A
d2quya_  
d3f0yg_  
4didB0  
d1eeha2  
d5ccjb_  
d1ccza1  
d1w0oa1  
1ZRU-A
1JF2-A  
d1v5da_  
d2bo9b1  
d2fr0a1  
d5cxoa1  
4x2cA0  
2dsyA0  
4qtcA0  
d3cc0a1  
d1aw7a2  
1ylmA0  
5e3eB0  
d2bw0a2  
d1ux6a2  
d2or4a1  
d2c29f_  
d4xb5a1  
d1ad2a_  
1qkrA0  
4qboA0  
4ezcA0  
3k7xA0  
d2adfa_  
1Z67-A
2f60K0  
1bgfA0  
d2b0ja2  
4r2yA0  
d3o5ea_  
d3c22d_  
1BXA-A  
d3aeya_  
1L3P-A
d1f20a1  
3ag3J0  
1CUK-A  
3acxA0  
d2ovoa_  
3C8C-A
3gbyA0  
3d3rA0  
d4qlxa_  
d3fu7a3  
d2oova3  
4dm5A0  
4hn7A0  
d2vyqa2  
4gquA0  
d1gkla1  
d4oqpa_  
d1unpa_  
2ojhA0  
d1l6ra1  
4rkiA0  
d4oy7a_  
d2pqrb_  
d1g4sa1  
3jxoA0  
1vchA0  
d3azra_  
d2gdqa2  
d2ywda_  
d1ji1a1  
1p5vB0  
d3vj8a_  
3oi8A0  
1xs1A0  
4krwA0  
d2qq4a_  
1fc3A0  
d2z3qc2  
d1xwva_  
2P0K-A
d2ewba2  
2CGP-A  
3bb5A0  
2RIK-A
3vjfA0  
d2glka_  
2j0wA0  
1A53-A
d1evha_  
3d1bA0  
d1zud2_  
d1c8ua1  
4whiA0  
3ufcX0  
1sbxA0  
2pnlA0  
1XRU-A
3zrgA0  
d2jhta_  
d1p1ma2  
3sfvB0  
2FD5-A
4u7yA0  
3kkfA0  
d1k04a_  
1FJR-A  
d1jiwp2  
1wdjA0  
2pjsA0  
1vmoA0  
4etrA0  
d2aeua1  
4lwsA0  
1ewfA0  
d2p5ka_  
1CKT-A  
d1m0da_  
d1cs6a2  
3m66A0  
d3pt8b_  
d1pj5a3  
d1qh4a1  
d1jjfa_  
3mcbB0  
d1z01a2  
d3rv3a1  
2odkA0  
3md7A0  
4lwsB0  
1BFS-A  
4lmsA0  
d3lgib_  
2xi7A0  
1qh4A0  
1PTQ-A  
d3buwb1  
